[0.023s] Invoking command in '/home/spaaaaace/Code/mid70/2025_radar_station/build/livox_interfaces': CMAKE_PREFIX_PATH=${CMAKE_PREFIX_PATH}:/opt/ros/humble CONDA_PROMPT_MODIFIER=(vision) /usr/local/bin/cmake --build /home/spaaaaace/Code/mid70/2025_radar_station/build/livox_interfaces -- -j22 -l22
[0.041s] [  2%] [34m[1mGenerating C code for ROS interfaces[0m
[0.041s] [  5%] [34m[1mGenerating C++ code for ROS interfaces[0m
[0.041s] [  5%] Built target ament_cmake_python_copy_livox_interfaces
[0.281s] running egg_info
[0.282s] creating livox_interfaces.egg-info
[0.296s] writing livox_interfaces.egg-info/PKG-INFO
[0.297s] writing dependency_links to livox_interfaces.egg-info/dependency_links.txt
[0.297s] writing top-level names to livox_interfaces.egg-info/top_level.txt
[0.297s] writing manifest file 'livox_interfaces.egg-info/SOURCES.txt'
[0.342s] reading manifest file 'livox_interfaces.egg-info/SOURCES.txt'
[0.343s] writing manifest file 'livox_interfaces.egg-info/SOURCES.txt'
[0.380s] [  5%] Built target ament_cmake_python_build_livox_interfaces_egg
[0.500s] [  5%] Built target livox_interfaces__cpp
[0.504s] [  7%] [34m[1mGenerating C++ introspection for ROS interfaces[0m
[0.504s] [ 10%] [34m[1mGenerating C++ type support dispatch for ROS interfaces[0m
[0.505s] [ 12%] [34m[1mGenerating C++ type support for eProsima Fast-RTPS[0m
[0.683s] [ 15%] [32mBuilding C object CMakeFiles/livox_interfaces__rosidl_generator_c.dir/rosidl_generator_c/livox_interfaces/msg/detail/custom_point__functions.c.o[0m
[0.683s] [ 17%] [32mBuilding C object CMakeFiles/livox_interfaces__rosidl_generator_c.dir/rosidl_generator_c/livox_interfaces/msg/detail/custom_msg__functions.c.o[0m
[0.731s] [ 20%] [32m[1mLinking C shared library liblivox_interfaces__rosidl_generator_c.so[0m
[0.768s] [ 20%] Built target livox_interfaces__rosidl_generator_c
[0.773s] [ 23%] [34m[1mGenerating C introspection for ROS interfaces[0m
[0.773s] [ 25%] [34m[1mGenerating C type support for eProsima Fast-RTPS[0m
[0.773s] [ 28%] [34m[1mGenerating C type support dispatch for ROS interfaces[0m
[0.941s] [ 33%] [32mBuilding CXX object CMakeFiles/livox_interfaces__rosidl_typesupport_fastrtps_cpp.dir/rosidl_typesupport_fastrtps_cpp/livox_interfaces/msg/detail/dds_fastrtps/custom_msg__type_support.cpp.o[0m
[0.941s] [ 33%] [32mBuilding CXX object CMakeFiles/livox_interfaces__rosidl_typesupport_fastrtps_cpp.dir/rosidl_typesupport_fastrtps_cpp/livox_interfaces/msg/detail/dds_fastrtps/custom_point__type_support.cpp.o[0m
[1.005s] [ 35%] [32mBuilding CXX object CMakeFiles/livox_interfaces__rosidl_typesupport_cpp.dir/rosidl_typesupport_cpp/livox_interfaces/msg/custom_point__type_support.cpp.o[0m
[1.005s] [ 38%] [32mBuilding CXX object CMakeFiles/livox_interfaces__rosidl_typesupport_cpp.dir/rosidl_typesupport_cpp/livox_interfaces/msg/custom_msg__type_support.cpp.o[0m
[1.194s] [ 41%] [32m[1mLinking CXX shared library liblivox_interfaces__rosidl_typesupport_cpp.so[0m
[1.203s] [ 43%] [32mBuilding CXX object CMakeFiles/livox_interfaces__rosidl_typesupport_introspection_cpp.dir/rosidl_typesupport_introspection_cpp/livox_interfaces/msg/detail/custom_point__type_support.cpp.o[0m
[1.203s] [ 46%] [32mBuilding CXX object CMakeFiles/livox_interfaces__rosidl_typesupport_introspection_cpp.dir/rosidl_typesupport_introspection_cpp/livox_interfaces/msg/detail/custom_msg__type_support.cpp.o[0m
[1.230s] [ 46%] Built target livox_interfaces__rosidl_typesupport_cpp
[1.238s] [ 48%] [32m[1mLinking CXX shared library liblivox_interfaces__rosidl_typesupport_fastrtps_cpp.so[0m
[1.287s] [ 53%] [32mBuilding CXX object CMakeFiles/livox_interfaces__rosidl_typesupport_fastrtps_c.dir/rosidl_typesupport_fastrtps_c/livox_interfaces/msg/detail/custom_msg__type_support_c.cpp.o[0m
[1.287s] [ 53%] [32mBuilding CXX object CMakeFiles/livox_interfaces__rosidl_typesupport_fastrtps_c.dir/rosidl_typesupport_fastrtps_c/livox_interfaces/msg/detail/custom_point__type_support_c.cpp.o[0m
[1.304s] [ 53%] Built target livox_interfaces__rosidl_typesupport_fastrtps_cpp
[1.369s] [ 58%] [32mBuilding CXX object CMakeFiles/livox_interfaces__rosidl_typesupport_c.dir/rosidl_typesupport_c/livox_interfaces/msg/custom_msg__type_support.cpp.o[0m
[1.369s] [ 58%] [32mBuilding CXX object CMakeFiles/livox_interfaces__rosidl_typesupport_c.dir/rosidl_typesupport_c/livox_interfaces/msg/custom_point__type_support.cpp.o[0m
[1.386s] [ 61%] [32mBuilding C object CMakeFiles/livox_interfaces__rosidl_typesupport_introspection_c.dir/rosidl_typesupport_introspection_c/livox_interfaces/msg/detail/custom_point__type_support.c.o[0m
[1.386s] [ 64%] [32mBuilding C object CMakeFiles/livox_interfaces__rosidl_typesupport_introspection_c.dir/rosidl_typesupport_introspection_c/livox_interfaces/msg/detail/custom_msg__type_support.c.o[0m
[1.394s] [ 66%] [32m[1mLinking CXX shared library liblivox_interfaces__rosidl_typesupport_c.so[0m
[1.424s] [ 66%] Built target livox_interfaces__rosidl_typesupport_c
[1.424s] [ 69%] [32m[1mLinking C shared library liblivox_interfaces__rosidl_typesupport_introspection_c.so[0m
[1.447s] [ 69%] Built target livox_interfaces__rosidl_typesupport_introspection_c
[1.479s] [ 71%] [32m[1mLinking CXX shared library liblivox_interfaces__rosidl_typesupport_introspection_cpp.so[0m
[1.526s] [ 71%] Built target livox_interfaces__rosidl_typesupport_introspection_cpp
[1.563s] [ 74%] [32m[1mLinking CXX shared library liblivox_interfaces__rosidl_typesupport_fastrtps_c.so[0m
[1.608s] [ 74%] Built target livox_interfaces__rosidl_typesupport_fastrtps_c
[1.615s] [ 74%] Built target livox_interfaces
[1.621s] [ 76%] [34m[1mGenerating Python code for ROS interfaces[0m
[2.109s] [ 76%] Built target livox_interfaces__py
[2.117s] [ 79%] [32mBuilding C object CMakeFiles/livox_interfaces__rosidl_generator_py.dir/rosidl_generator_py/livox_interfaces/msg/_custom_point_s.c.o[0m
[2.118s] [ 82%] [32mBuilding C object CMakeFiles/livox_interfaces__rosidl_generator_py.dir/rosidl_generator_py/livox_interfaces/msg/_custom_msg_s.c.o[0m
[2.217s] [ 84%] [32m[1mLinking C shared library rosidl_generator_py/livox_interfaces/liblivox_interfaces__rosidl_generator_py.so[0m
[2.240s] [ 84%] Built target livox_interfaces__rosidl_generator_py
[2.249s] [ 92%] [32mBuilding C object CMakeFiles/livox_interfaces__rosidl_typesupport_fastrtps_c__pyext.dir/rosidl_generator_py/livox_interfaces/_livox_interfaces_s.ep.rosidl_typesupport_fastrtps_c.c.o[0m
[2.249s] [ 92%] [32mBuilding C object CMakeFiles/livox_interfaces__rosidl_typesupport_introspection_c__pyext.dir/rosidl_generator_py/livox_interfaces/_livox_interfaces_s.ep.rosidl_typesupport_introspection_c.c.o[0m
[2.250s] [ 92%] [32mBuilding C object CMakeFiles/livox_interfaces__rosidl_typesupport_c__pyext.dir/rosidl_generator_py/livox_interfaces/_livox_interfaces_s.ep.rosidl_typesupport_c.c.o[0m
[2.302s] [ 94%] [32m[1mLinking C shared library rosidl_generator_py/livox_interfaces/livox_interfaces_s__rosidl_typesupport_introspection_c.cpython-38-x86_64-linux-gnu.so[0m
[2.304s] [ 97%] [32m[1mLinking C shared library rosidl_generator_py/livox_interfaces/livox_interfaces_s__rosidl_typesupport_c.cpython-38-x86_64-linux-gnu.so[0m
[2.314s] [100%] [32m[1mLinking C shared library rosidl_generator_py/livox_interfaces/livox_interfaces_s__rosidl_typesupport_fastrtps_c.cpython-38-x86_64-linux-gnu.so[0m
[2.328s] [100%] Built target livox_interfaces__rosidl_typesupport_introspection_c__pyext
[2.332s] [100%] Built target livox_interfaces__rosidl_typesupport_c__pyext
[2.334s] [100%] Built target livox_interfaces__rosidl_typesupport_fastrtps_c__pyext
