[0.021s] Invoking command in '/home/spaaaaace/Code/mid70/2025_radar_station/build/livox_sdk_vendor': CMAKE_PREFIX_PATH=${CMAKE_PREFIX_PATH}:/opt/ros/humble CONDA_PROMPT_MODIFIER=(vision) /usr/local/bin/cmake --build /home/spaaaaace/Code/mid70/2025_radar_station/build/livox_sdk_vendor -- -j22 -l22
[0.037s] [ 12%] [34m[1mPerforming download step (git clone) for 'livox-sdk-v2.3.1'[0m
[0.044s] 正克隆到 'livox-sdk-v2.3.1'...
[2.453s] HEAD 目前位于 14c533d fix ROS2 Humble build error
[2.485s] [ 25%] [34m[1mPerforming update step for 'livox-sdk-v2.3.1'[0m
[2.495s] [ 37%] [34m[1mNo patch step for 'livox-sdk-v2.3.1'[0m
[2.501s] [ 50%] [34m[1mPerforming configure step for 'livox-sdk-v2.3.1'[0m
[2.538s] -- The C compiler identification is GNU 11.4.0
[2.577s] -- The CXX compiler identification is GNU 11.4.0
[2.584s] -- Detecting C compiler ABI info
[2.630s] -- Detecting C compiler ABI info - done
[2.637s] -- Check for working C compiler: /usr/bin/cc - skipped
[2.638s] -- Detecting C compile features
[2.638s] -- Detecting C compile features - done
[2.640s] -- Detecting CXX compiler ABI info
[2.686s] -- Detecting CXX compiler ABI info - done
[2.694s] -- Check for working CXX compiler: /usr/bin/c++ - skipped
[2.694s] -- Detecting CXX compile features
[2.694s] -- Detecting CXX compile features - done
[2.695s] -- main project dir: /home/spaaaaace/Code/mid70/2025_radar_station/build/livox_sdk_vendor/livox-sdk-v2.3.1-prefix/src/livox-sdk-v2.3.1
[2.698s] -- Configuring done (0.2s)
[2.711s] -- Generating done (0.0s)
[2.713s] -- Build files have been written to: /home/spaaaaace/Code/mid70/2025_radar_station/build/livox_sdk_vendor/livox-sdk-v2.3.1-prefix/src/livox-sdk-v2.3.1-build
[2.722s] [ 62%] [34m[1mPerforming build step for 'livox-sdk-v2.3.1'[0m
[2.737s] [  2%] [32mBuilding CXX object sdk_core/CMakeFiles/livox_sdk_static.dir/src/third_party/FastCRC/FastCRCsw.cpp.o[0m
[2.737s] [  6%] [32mBuilding CXX object sdk_core/CMakeFiles/livox_sdk_static.dir/src/base/network/unix/network_util.cpp.o[0m
[2.738s] [  8%] [32mBuilding CXX object sdk_core/CMakeFiles/livox_sdk_static.dir/src/base/thread_base.cpp.o[0m
[2.738s] [  8%] [32mBuilding CXX object sdk_core/CMakeFiles/livox_sdk_static.dir/src/base/io_loop.cpp.o[0m
[2.738s] [ 12%] [32mBuilding CXX object sdk_core/CMakeFiles/livox_sdk_static.dir/src/base/logging.cpp.o[0m
[2.738s] [ 12%] [32mBuilding CXX object sdk_core/CMakeFiles/livox_sdk_static.dir/src/base/io_thread.cpp.o[0m
[2.738s] [ 14%] [32mBuilding CXX object sdk_core/CMakeFiles/livox_sdk_static.dir/src/livox_sdk.cpp.o[0m
[2.738s] [ 18%] [32mBuilding CXX object sdk_core/CMakeFiles/livox_sdk_static.dir/src/comm/comm_port.cpp.o[0m
[2.739s] [ 18%] [32mBuilding CXX object sdk_core/CMakeFiles/livox_sdk_static.dir/src/device_manager.cpp.o[0m
[2.739s] [ 20%] [32mBuilding CXX object sdk_core/CMakeFiles/livox_sdk_static.dir/src/device_discovery.cpp.o[0m
[2.739s] [ 22%] [32mBuilding CXX object sdk_core/CMakeFiles/livox_sdk_static.dir/src/data_handler/data_handler.cpp.o[0m
[2.739s] [ 25%] [32mBuilding CXX object sdk_core/CMakeFiles/livox_sdk_static.dir/src/comm/sdk_protocol.cpp.o[0m
[2.740s] [ 27%] [32mBuilding CXX object sdk_core/CMakeFiles/livox_sdk_static.dir/src/data_handler/hub_data_handler.cpp.o[0m
[2.741s] [ 29%] [32mBuilding CXX object sdk_core/CMakeFiles/livox_sdk_static.dir/src/data_handler/lidar_data_handler.cpp.o[0m
[2.743s] [ 31%] [32mBuilding CXX object sdk_core/CMakeFiles/livox_sdk_static.dir/src/command_handler/command_handler.cpp.o[0m
[2.744s] [ 33%] [32mBuilding CXX object sdk_core/CMakeFiles/livox_sdk_static.dir/src/command_handler/command_channel.cpp.o[0m
[2.745s] [ 35%] [32mBuilding CXX object sdk_core/CMakeFiles/livox_sdk_static.dir/src/command_handler/hub_command_handler.cpp.o[0m
[2.745s] [ 37%] [32mBuilding CXX object sdk_core/CMakeFiles/livox_sdk_static.dir/src/command_handler/lidar_command_handler.cpp.o[0m
[2.746s] [ 39%] [32mBuilding CXX object sdk_core/CMakeFiles/livox_sdk_static.dir/src/command_handler/command_impl.cpp.o[0m
[2.748s] [ 41%] [32mBuilding CXX object sdk_core/CMakeFiles/livox_sdk_static.dir/src/base/multiple_io/multiple_io_base.cpp.o[0m
[2.750s] [ 43%] [32mBuilding CXX object sdk_core/CMakeFiles/livox_sdk_static.dir/src/base/multiple_io/multiple_io_epoll.cpp.o[0m
[2.763s] [ 45%] [32mBuilding CXX object sdk_core/CMakeFiles/livox_sdk_static.dir/src/base/multiple_io/multiple_io_poll.cpp.o[0m
[2.806s] [ 47%] [32mBuilding CXX object sdk_core/CMakeFiles/livox_sdk_static.dir/src/base/multiple_io/multiple_io_select.cpp.o[0m
[2.813s] [ 50%] [32mBuilding CXX object sdk_core/CMakeFiles/livox_sdk_static.dir/src/base/multiple_io/multiple_io_kqueue.cpp.o[0m
[2.969s] [ 52%] [32mBuilding CXX object sdk_core/CMakeFiles/livox_sdk_static.dir/src/base/wake_up/unix/wake_up_pipe.cpp.o[0m
[5.557s] [ 54%] [32m[1mLinking CXX static library liblivox_sdk_static.a[0m
[5.641s] [ 54%] Built target livox_sdk_static
[5.647s] [ 56%] [32mBuilding C object sample/lidar/CMakeFiles/lidar_sample.dir/main.c.o[0m
[5.647s] [ 58%] [32mBuilding CXX object sample_cc/lidar/CMakeFiles/lidar_sample_cc.dir/main.cpp.o[0m
[5.648s] [ 60%] [32mBuilding CXX object sample_cc/lidar/CMakeFiles/lidar_sample_cc.dir/lds_lidar.cpp.o[0m
[5.649s] [ 62%] [32mBuilding CXX object sample/hub_lvx_file/CMakeFiles/hub_lvx_sample.dir/main.cpp.o[0m
[5.649s] [ 64%] [32mBuilding C object sample/hub/CMakeFiles/hub_sample.dir/main.c.o[0m
[5.649s] [ 66%] [32mBuilding CXX object sample_cc/lidar_utc_sync/CMakeFiles/lidar_utc_sync.dir/main.cpp.o[0m
[5.649s] [ 68%] [32mBuilding CXX object sample/hub_lvx_file/CMakeFiles/hub_lvx_sample.dir/lvx_file.cpp.o[0m
[5.649s] [ 70%] [32mBuilding CXX object sample_cc/hub/CMakeFiles/hub_sample_cc.dir/main.cpp.o[0m
[5.649s] [ 72%] [32mBuilding CXX object sample_cc/lidar_utc_sync/CMakeFiles/lidar_utc_sync.dir/lds_lidar.cpp.o[0m
[5.649s] [ 75%] [32mBuilding CXX object sample_cc/hub/CMakeFiles/hub_sample_cc.dir/lds_hub.cpp.o[0m
[5.649s] [ 77%] [32mBuilding CXX object sample/lidar_lvx_file/CMakeFiles/lidar_lvx_sample.dir/main.cpp.o[0m
[5.649s] [ 79%] [32mBuilding CXX object sample_cc/lidar_utc_sync/CMakeFiles/lidar_utc_sync.dir/synchro.cpp.o[0m
[5.649s] [ 83%] [32mBuilding CXX object sample/lidar_lvx_file/CMakeFiles/lidar_lvx_sample.dir/lvx_file.cpp.o[0m
[5.650s] [ 83%] [32mBuilding CXX object sample_cc/trouble_shooting/CMakeFiles/trouble_shooting.dir/main.cpp.o[0m
[5.692s] [ 85%] [32m[1mLinking CXX executable lidar_sample[0m
[5.695s] [ 87%] [32m[1mLinking CXX executable hub_sample[0m
[5.923s] [ 89%] [32m[1mLinking CXX executable trouble_shooting[0m
[6.071s] [ 89%] Built target hub_sample
[6.166s] [ 89%] Built target lidar_sample
[6.224s] [ 91%] [32m[1mLinking CXX executable hub_sample_cc[0m
[6.282s] [ 91%] Built target trouble_shooting
[6.286s] [ 93%] [32m[1mLinking CXX executable lidar_utc_sync[0m
[6.379s] [ 95%] [32m[1mLinking CXX executable hub_lvx_sample[0m
[6.419s] [ 97%] [32m[1mLinking CXX executable lidar_sample_cc[0m
[6.585s] [100%] [32m[1mLinking CXX executable lidar_lvx_sample[0m
[6.591s] [100%] Built target hub_sample_cc
[6.656s] [100%] Built target lidar_utc_sync
[6.738s] [100%] Built target hub_lvx_sample
[6.756s] [100%] Built target lidar_sample_cc
[6.882s] [100%] Built target lidar_lvx_sample
[6.890s] [ 75%] [34m[1mPerforming install step for 'livox-sdk-v2.3.1'[0m
[6.925s] [ 54%] Built target livox_sdk_static
[6.932s] [ 58%] Built target hub_sample
[6.933s] [ 62%] Built target lidar_sample
[6.934s] [ 70%] Built target lidar_utc_sync
[6.935s] [ 81%] Built target hub_sample_cc
[6.935s] [ 81%] Built target trouble_shooting
[6.935s] [ 87%] Built target lidar_lvx_sample
[6.936s] [ 95%] Built target hub_lvx_sample
[6.936s] [100%] Built target lidar_sample_cc
[6.942s] [36mInstall the project...[0m
[6.943s] -- Install configuration: ""
[6.943s] -- Installing: /home/spaaaaace/Code/mid70/2025_radar_station/build/livox_sdk_vendor/livox-sdk_install/lib/liblivox_sdk_static.a
[6.950s] -- Installing: /home/spaaaaace/Code/mid70/2025_radar_station/build/livox_sdk_vendor/livox-sdk_install/include/livox_def.h
[6.950s] -- Installing: /home/spaaaaace/Code/mid70/2025_radar_station/build/livox_sdk_vendor/livox-sdk_install/include/livox_sdk.h
[6.956s] [ 87%] [34m[1mCompleted 'livox-sdk-v2.3.1'[0m
[6.963s] [100%] Built target livox-sdk-v2.3.1
