[0.017s] Invoking command in '/home/spaaaaace/Code/mid70/2025_radar_station/build/robot_tracker': AMENT_PREFIX_PATH=/home/spaaaaace/Code/mid70/2025_radar_station/install/radar_station_interface:${AMENT_PREFIX_PATH} CMAKE_PREFIX_PATH=/home/spaaaaace/Code/mid70/2025_radar_station/install/radar_station_interface:/home/spaaaaace/env/MicroROS-Agent/microros_ws/install/micro_ros_agent:/home/spaaaaace/env/MicroROS-Agent/microros_ws/install/micro_ros_msgs:/usr/local:/usr/local:/opt/ros/humble CONDA_PROMPT_MODIFIER=(vision) LD_LIBRARY_PATH=/home/spaaaaace/Code/mid70/2025_radar_station/install/radar_station_interface/lib:${LD_LIBRARY_PATH} PYTHONPATH=/home/spaaaaace/Code/mid70/2025_radar_station/install/radar_station_interface/lib/python3.8/site-packages:${PYTHONPATH} /usr/local/bin/cmake /home/spaaaaace/Code/mid70/2025_radar_station/src/robot_tracker -DCMAKE_INSTALL_PREFIX=/home/spaaaaace/Code/mid70/2025_radar_station/install/robot_tracker
[0.080s] -- The C compiler identification is GNU 11.4.0
[0.132s] -- The CXX compiler identification is GNU 11.4.0
[0.141s] -- Detecting C compiler ABI info
[0.184s] -- Detecting C compiler ABI info - done
[0.190s] -- Check for working C compiler: /usr/bin/cc - skipped
[0.190s] -- Detecting C compile features
[0.191s] -- Detecting C compile features - done
[0.193s] -- Detecting CXX compiler ABI info
[0.244s] -- Detecting CXX compiler ABI info - done
[0.251s] -- Check for working CXX compiler: /usr/bin/c++ - skipped
[0.251s] -- Detecting CXX compile features
[0.251s] -- Detecting CXX compile features - done
[0.253s] -- Found ament_cmake: 1.3.11 (/opt/ros/humble/share/ament_cmake/cmake)
[0.510s] -- Found Python3: /home/spaaaaace/anaconda3/envs/vision/bin/python3 (found version "3.8.20") found components: Interpreter 
[0.577s] -- Found OpenCV: /usr/local (found version "4.10.0") 
[0.578s] -- Found rclcpp: 16.0.10 (/opt/ros/humble/share/rclcpp/cmake)
[0.609s] -- Found rosidl_generator_c: 3.1.5 (/opt/ros/humble/share/rosidl_generator_c/cmake)
[0.613s] -- Found rosidl_adapter: 3.1.5 (/opt/ros/humble/share/rosidl_adapter/cmake)
[0.619s] -- Found rosidl_generator_cpp: 3.1.5 (/opt/ros/humble/share/rosidl_generator_cpp/cmake)
[0.629s] -- Using all available rosidl_typesupport_c: rosidl_typesupport_fastrtps_c;rosidl_typesupport_introspection_c
[0.640s] -- Using all available rosidl_typesupport_cpp: rosidl_typesupport_fastrtps_cpp;rosidl_typesupport_introspection_cpp
[0.676s] -- Found rmw_implementation_cmake: 6.1.2 (/opt/ros/humble/share/rmw_implementation_cmake/cmake)
[0.678s] -- Found rmw_fastrtps_cpp: 6.2.7 (/opt/ros/humble/share/rmw_fastrtps_cpp/cmake)
[0.745s] -- Found OpenSSL: /usr/lib/x86_64-linux-gnu/libcrypto.so (found version "3.0.2")  
[0.768s] -- Found FastRTPS: /opt/ros/humble/include  
[0.799s] -- Using RMW implementation 'rmw_fastrtps_cpp' as default
[0.805s] -- Performing Test CMAKE_HAVE_LIBC_PTHREAD
[0.847s] -- Performing Test CMAKE_HAVE_LIBC_PTHREAD - Success
[0.848s] -- Found Threads: TRUE  
[0.897s] -- Found sensor_msgs: 4.2.4 (/opt/ros/humble/share/sensor_msgs/cmake)
[0.946s] -- Found cv_bridge: 3.2.1 (/opt/ros/humble/share/cv_bridge/cmake)
[0.948s] -- Found image_transport: 3.1.9 (/opt/ros/humble/share/image_transport/cmake)
[0.982s] -- Checking for module 'eigen3'
[0.989s] --   Found eigen3, version 3.4.0
[1.012s] -- Found Eigen: /usr/local/include/eigen3 (Required is at least version "3.1") 
[1.012s] -- Eigen found (include: /usr/local/include/eigen3, version: 3.4.0)
[1.028s] -- Found Boost: /usr/lib/x86_64-linux-gnu/cmake/Boost-1.74.0/BoostConfig.cmake (found suitable version "1.74.0", minimum required is "1.65.0") found components: system filesystem date_time iostreams serialization 
[1.040s] -- Checking for module 'flann'
[1.050s] --   Found flann, version 1.9.1
[1.092s] -- Found FLANN: /usr/lib/x86_64-linux-gnu/libflann_cpp.so  
[1.092s] -- FLANN found (include: /usr/include, lib: /usr/lib/x86_64-linux-gnu/libflann_cpp.so)
[1.121s] -- Found GLEW: /usr/lib/x86_64-linux-gnu/libGLEW.so  
[1.126s] -- Found OpenGL: /usr/lib/x86_64-linux-gnu/libOpenGL.so  found components: OpenGL GLX 
[1.219s] -- Found MPI_C: /usr/lib/x86_64-linux-gnu/libmpi.so (found version "3.1") 
[1.219s] -- Found MPI: TRUE (found version "3.1") found components: C 
[1.221s] -- Found JsonCpp: /usr/lib/x86_64-linux-gnu/libjsoncpp.so (found suitable version "1.9.5", minimum required is "0.7.0") 
[1.232s] -- Found ZLIB: /usr/lib/x86_64-linux-gnu/libz.so (found version "1.2.11")  
[1.249s] -- Found PNG: /usr/lib/x86_64-linux-gnu/libpng.so (found version "1.6.37") 
[1.259s] -- Found Eigen3: /usr/include/eigen3 (found version "3.4.0") 
[1.330s] -- Found X11: /usr/include   
[1.331s] -- Looking for XOpenDisplay in /usr/lib/x86_64-linux-gnu/libX11.so;/usr/lib/x86_64-linux-gnu/libXext.so
[1.375s] -- Looking for XOpenDisplay in /usr/lib/x86_64-linux-gnu/libX11.so;/usr/lib/x86_64-linux-gnu/libXext.so - found
[1.375s] -- Looking for gethostbyname
[1.418s] -- Looking for gethostbyname - found
[1.418s] -- Looking for connect
[1.459s] -- Looking for connect - found
[1.459s] -- Looking for remove
[1.498s] -- Looking for remove - found
[1.498s] -- Looking for shmat
[1.542s] -- Looking for shmat - found
[1.542s] -- Looking for IceConnectionNumber in ICE
[1.584s] -- Looking for IceConnectionNumber in ICE - found
[1.655s] -- Found EXPAT: /usr/lib/x86_64-linux-gnu/libexpat.so (found version "2.4.7") 
[1.659s] -- Found double-conversion: /usr/lib/x86_64-linux-gnu/libdouble-conversion.so  
[1.661s] -- Found LZ4: /usr/lib/x86_64-linux-gnu/liblz4.so (found version "1.9.3") 
[1.663s] -- Found LZMA: /usr/lib/x86_64-linux-gnu/liblzma.so (found version "5.2.5") 
[1.674s] -- Found JPEG: /usr/lib/x86_64-linux-gnu/libjpeg.so (found version "80") 
[1.680s] -- Found TIFF: /usr/lib/x86_64-linux-gnu/libtiff.so (found version "4.3.0")  
[1.685s] -- Found Freetype: /usr/lib/x86_64-linux-gnu/libfreetype.so (found version "2.11.1") 
[1.689s] -- Found utf8cpp: /usr/include/utf8cpp  
[1.743s] -- Checking for module 'libusb-1.0'
[1.754s] --   Found libusb-1.0, version 1.0.25
[1.778s] -- Found libusb: /usr/lib/x86_64-linux-gnu/libusb-1.0.so  
[1.779s] -- Found OpenNI: /usr/lib/libOpenNI.so;libusb::libusb (found version "1.5.4.0") 
[1.779s] -- OpenNI found (version: 1.5.4.0, include: /usr/include/ni, lib: /usr/lib/libOpenNI.so;libusb::libusb)
[1.819s] -- Found OpenNI2: /usr/lib/x86_64-linux-gnu/libOpenNI2.so;libusb::libusb (found version "2.2.0.33") 
[1.819s] -- OpenNI2 found (version: 2.2.0.33, include: /usr/include/openni2, lib: /usr/lib/x86_64-linux-gnu/libOpenNI2.so;libusb::libusb)
[1.819s] [0m** WARNING ** io features related to pcap will be disabled[0m
[1.956s] -- Eigen found (include: /usr/local/include/eigen3, version: 3.4.0)
[1.961s] -- OpenNI found (version: 1.5.4.0, include: /usr/include/ni, lib: /usr/lib/libOpenNI.so;libusb::libusb)
[1.967s] -- OpenNI2 found (version: 2.2.0.33, include: /usr/include/openni2, lib: /usr/lib/x86_64-linux-gnu/libOpenNI2.so;libusb::libusb)
[2.100s] -- Found Qhull version 8.0.2
[2.225s] -- OpenNI found (version: 1.5.4.0, include: /usr/include/ni, lib: /usr/lib/libOpenNI.so;libusb::libusb)
[2.497s] -- looking for PCL_COMMON
[2.499s] -- Found PCL_COMMON: /usr/lib/x86_64-linux-gnu/libpcl_common.so  
[2.501s] -- looking for PCL_KDTREE
[2.502s] -- Found PCL_KDTREE: /usr/lib/x86_64-linux-gnu/libpcl_kdtree.so  
[2.502s] -- looking for PCL_OCTREE
[2.505s] -- Found PCL_OCTREE: /usr/lib/x86_64-linux-gnu/libpcl_octree.so  
[2.506s] -- looking for PCL_SEARCH
[2.509s] -- Found PCL_SEARCH: /usr/lib/x86_64-linux-gnu/libpcl_search.so  
[2.509s] -- looking for PCL_SAMPLE_CONSENSUS
[2.510s] -- Found PCL_SAMPLE_CONSENSUS: /usr/lib/x86_64-linux-gnu/libpcl_sample_consensus.so  
[2.510s] -- looking for PCL_FILTERS
[2.513s] -- Found PCL_FILTERS: /usr/lib/x86_64-linux-gnu/libpcl_filters.so  
[2.513s] -- looking for PCL_2D
[2.513s] -- Found PCL_2D: /usr/include/pcl-1.12  
[2.513s] -- looking for PCL_GEOMETRY
[2.513s] -- Found PCL_GEOMETRY: /usr/include/pcl-1.12  
[2.515s] -- looking for PCL_IO
[2.516s] -- Found PCL_IO: /usr/lib/x86_64-linux-gnu/libpcl_io.so  
[2.517s] -- looking for PCL_FEATURES
[2.517s] -- Found PCL_FEATURES: /usr/lib/x86_64-linux-gnu/libpcl_features.so  
[2.521s] -- looking for PCL_ML
[2.521s] -- Found PCL_ML: /usr/lib/x86_64-linux-gnu/libpcl_ml.so  
[2.522s] -- looking for PCL_SEGMENTATION
[2.522s] -- Found PCL_SEGMENTATION: /usr/lib/x86_64-linux-gnu/libpcl_segmentation.so  
[2.522s] -- looking for PCL_VISUALIZATION
[2.522s] -- Found PCL_VISUALIZATION: /usr/lib/x86_64-linux-gnu/libpcl_visualization.so  
[2.522s] -- looking for PCL_SURFACE
[2.523s] -- Found PCL_SURFACE: /usr/lib/x86_64-linux-gnu/libpcl_surface.so  
[2.524s] -- looking for PCL_REGISTRATION
[2.524s] -- Found PCL_REGISTRATION: /usr/lib/x86_64-linux-gnu/libpcl_registration.so  
[2.525s] -- looking for PCL_KEYPOINTS
[2.526s] -- Found PCL_KEYPOINTS: /usr/lib/x86_64-linux-gnu/libpcl_keypoints.so  
[2.526s] -- looking for PCL_TRACKING
[2.528s] -- Found PCL_TRACKING: /usr/lib/x86_64-linux-gnu/libpcl_tracking.so  
[2.529s] -- looking for PCL_RECOGNITION
[2.530s] -- Found PCL_RECOGNITION: /usr/lib/x86_64-linux-gnu/libpcl_recognition.so  
[2.531s] -- looking for PCL_STEREO
[2.533s] -- Found PCL_STEREO: /usr/lib/x86_64-linux-gnu/libpcl_stereo.so  
[2.535s] -- looking for PCL_APPS
[2.535s] -- Found PCL_APPS: /usr/lib/x86_64-linux-gnu/libpcl_apps.so  
[2.537s] -- looking for PCL_IN_HAND_SCANNER
[2.538s] -- Found PCL_IN_HAND_SCANNER: /usr/include/pcl-1.12  
[2.538s] -- looking for PCL_MODELER
[2.540s] -- Found PCL_MODELER: /usr/include/pcl-1.12  
[2.540s] -- looking for PCL_POINT_CLOUD_EDITOR
[2.541s] -- Found PCL_POINT_CLOUD_EDITOR: /usr/include/pcl-1.12  
[2.542s] -- looking for PCL_OUTOFCORE
[2.546s] -- Found PCL_OUTOFCORE: /usr/lib/x86_64-linux-gnu/libpcl_outofcore.so  
[2.546s] -- looking for PCL_PEOPLE
[2.547s] -- Found PCL_PEOPLE: /usr/lib/x86_64-linux-gnu/libpcl_people.so  
[2.548s] -- Found PCL: pcl_common;pcl_kdtree;pcl_octree;pcl_search;pcl_sample_consensus;pcl_filters;pcl_io;pcl_features;pcl_ml;pcl_segmentation;pcl_visualization;pcl_surface;pcl_registration;pcl_keypoints;pcl_tracking;pcl_recognition;pcl_stereo;pcl_apps;pcl_outofcore;pcl_people;Boost::system;Boost::filesystem;Boost::date_time;Boost::iostreams;Boost::serialization;/usr/lib/libOpenNI.so;libusb::libusb;/usr/lib/x86_64-linux-gnu/libOpenNI2.so;libusb::libusb;VTK::ChartsCore;VTK::CommonColor;VTK::CommonComputationalGeometry;VTK::CommonCore;VTK::CommonDataModel;VTK::CommonExecutionModel;VTK::CommonMath;VTK::CommonMisc;VTK::CommonTransforms;VTK::FiltersCore;VTK::FiltersExtraction;VTK::FiltersGeneral;VTK::FiltersGeometry;VTK::FiltersModeling;VTK::FiltersSources;VTK::ImagingCore;VTK::ImagingSources;VTK::InteractionImage;VTK::InteractionStyle;VTK::InteractionWidgets;VTK::IOCore;VTK::IOGeometry;VTK::IOImage;VTK::IOLegacy;VTK::IOPLY;VTK::RenderingAnnotation;VTK::RenderingCore;VTK::RenderingContext2D;VTK::RenderingLOD;VTK::RenderingFreeType;VTK::ViewsCore;VTK::ViewsContext2D;VTK::RenderingOpenGL2;VTK::GUISupportQt;FLANN::FLANN;QHULL::QHULL  
[2.551s] -- Found pcl_conversions: 2.4.5 (/opt/ros/humble/share/pcl_conversions/cmake)
[2.593s] -- Found visualization_msgs: 4.2.4 (/opt/ros/humble/share/visualization_msgs/cmake)
[2.620s] -- Found tf2: 0.25.12 (/opt/ros/humble/share/tf2/cmake)
[2.627s] -- Found tf2_ros: 0.25.12 (/opt/ros/humble/share/tf2_ros/cmake)
[2.750s] -- Found tf2_geometry_msgs: 0.25.8 (/opt/ros/humble/share/tf2_geometry_msgs/cmake)
[2.762s] -- Found eigen3_cmake_module: 0.1.1 (/opt/ros/humble/share/eigen3_cmake_module/cmake)
[2.764s] -- Found Eigen3: TRUE (found version "3.4.0") 
[2.764s] -- Ensuring Eigen3 include directory is part of orocos-kdl CMake target
[2.767s] -- Found radar_station_interface: 0.0.0 (/home/spaaaaace/Code/mid70/2025_radar_station/install/radar_station_interface/share/radar_station_interface/cmake)
[2.782s] -- Found ament_lint_auto: 0.12.11 (/opt/ros/humble/share/ament_lint_auto/cmake)
[2.915s] -- Added test 'cppcheck' to perform static code analysis on C / C++ code
[2.915s] -- Configured cppcheck include dirs: 
[2.915s] -- Configured cppcheck exclude dirs and/or files: 
[2.915s] -- Added test 'flake8' to check Python code syntax and style conventions
[2.916s] -- Added test 'lint_cmake' to check CMake code style
[2.917s] -- Added test 'pep257' to check Python code against some of the docstring style conventions in PEP 257
[2.917s] -- Added test 'uncrustify' to check C / C++ code style
[2.917s] -- Configured uncrustify additional arguments: 
[2.918s] -- Added test 'xmllint' to check XML markup files
[2.920s] -- Configuring done (2.9s)
[3.001s] [33mCMake Warning at CMakeLists.txt:43 (add_executable):
[3.001s]   Cannot generate a safe runtime search path for target robot_tracker because
[3.001s]   files in some directories may conflict with libraries in implicit
[3.001s]   directories:
[3.001s] 
[3.001s]     runtime library [libz.so.1] in /usr/lib/x86_64-linux-gnu may be hidden by files in:
[3.001s]       /home/spaaaaace/anaconda3/envs/vision/lib
[3.001s] 
[3.001s]   Some of these libraries may not be found correctly.
[3.001s] 
[3.001s] [0m
[3.004s] -- Generating done (0.1s)
[3.010s] -- Build files have been written to: /home/spaaaaace/Code/mid70/2025_radar_station/build/robot_tracker
