[100%] Built target robot_tracker
-- Install configuration: ""
-- Installing: /home/spaaaaace/Code/mid70/2025_radar_station/install/robot_tracker/lib/robot_tracker/robot_tracker
-- Set runtime path of "/home/spaaaaace/Code/mid70/2025_radar_station/install/robot_tracker/lib/robot_tracker/robot_tracker" to ""
-- Installing: /home/spaaaaace/Code/mid70/2025_radar_station/install/robot_tracker/share/robot_tracker/launch
-- Installing: /home/spaaaaace/Code/mid70/2025_radar_station/install/robot_tracker/share/robot_tracker/launch/robot_tracker.launch.py
-- Installing: /home/spaaaaace/Code/mid70/2025_radar_station/install/robot_tracker/share/ament_index/resource_index/package_run_dependencies/robot_tracker
-- Installing: /home/spaaaaace/Code/mid70/2025_radar_station/install/robot_tracker/share/ament_index/resource_index/parent_prefix_path/robot_tracker
-- Installing: /home/spaaaaace/Code/mid70/2025_radar_station/install/robot_tracker/share/robot_tracker/environment/ament_prefix_path.sh
-- Installing: /home/spaaaaace/Code/mid70/2025_radar_station/install/robot_tracker/share/robot_tracker/environment/ament_prefix_path.dsv
-- Installing: /home/spaaaaace/Code/mid70/2025_radar_station/install/robot_tracker/share/robot_tracker/environment/path.sh
-- Installing: /home/spaaaaace/Code/mid70/2025_radar_station/install/robot_tracker/share/robot_tracker/environment/path.dsv
-- Installing: /home/spaaaaace/Code/mid70/2025_radar_station/install/robot_tracker/share/robot_tracker/local_setup.bash
-- Installing: /home/spaaaaace/Code/mid70/2025_radar_station/install/robot_tracker/share/robot_tracker/local_setup.sh
-- Installing: /home/spaaaaace/Code/mid70/2025_radar_station/install/robot_tracker/share/robot_tracker/local_setup.zsh
-- Installing: /home/spaaaaace/Code/mid70/2025_radar_station/install/robot_tracker/share/robot_tracker/local_setup.dsv
-- Installing: /home/spaaaaace/Code/mid70/2025_radar_station/install/robot_tracker/share/robot_tracker/package.dsv
-- Installing: /home/spaaaaace/Code/mid70/2025_radar_station/install/robot_tracker/share/ament_index/resource_index/packages/robot_tracker
-- Installing: /home/spaaaaace/Code/mid70/2025_radar_station/install/robot_tracker/share/robot_tracker/cmake/robot_trackerConfig.cmake
-- Installing: /home/spaaaaace/Code/mid70/2025_radar_station/install/robot_tracker/share/robot_tracker/cmake/robot_trackerConfig-version.cmake
-- Installing: /home/spaaaaace/Code/mid70/2025_radar_station/install/robot_tracker/share/robot_tracker/package.xml
