[0.011s] Invoking command in '/home/spaaaaace/Code/mid70/2025_radar_station/build/robot_tracker': AMENT_PREFIX_PATH=/home/spaaaaace/Code/mid70/2025_radar_station/install/radar_station_interface:${AMENT_PREFIX_PATH} CMAKE_PREFIX_PATH=/home/spaaaaace/Code/mid70/2025_radar_station/install/radar_station_interface:/home/spaaaaace/env/MicroROS-Agent/microros_ws/install/micro_ros_agent:/home/spaaaaace/env/MicroROS-Agent/microros_ws/install/micro_ros_msgs:/usr/local:/usr/local:/opt/ros/humble CONDA_PROMPT_MODIFIER=(vision) LD_LIBRARY_PATH=/home/spaaaaace/Code/mid70/2025_radar_station/install/radar_station_interface/lib:${LD_LIBRARY_PATH} PYTHONPATH=/home/spaaaaace/Code/mid70/2025_radar_station/install/radar_station_interface/lib/python3.8/site-packages:${PYTHONPATH} /usr/local/bin/cmake --build /home/spaaaaace/Code/mid70/2025_radar_station/build/robot_tracker -- -j22 -l22
[0.044s] [100%] Built target robot_tracker
[0.049s] Invoked command in '/home/spaaaaace/Code/mid70/2025_radar_station/build/robot_tracker' returned '0': AMENT_PREFIX_PATH=/home/spaaaaace/Code/mid70/2025_radar_station/install/radar_station_interface:${AMENT_PREFIX_PATH} CMAKE_PREFIX_PATH=/home/spaaaaace/Code/mid70/2025_radar_station/install/radar_station_interface:/home/spaaaaace/env/MicroROS-Agent/microros_ws/install/micro_ros_agent:/home/spaaaaace/env/MicroROS-Agent/microros_ws/install/micro_ros_msgs:/usr/local:/usr/local:/opt/ros/humble CONDA_PROMPT_MODIFIER=(vision) LD_LIBRARY_PATH=/home/spaaaaace/Code/mid70/2025_radar_station/install/radar_station_interface/lib:${LD_LIBRARY_PATH} PYTHONPATH=/home/spaaaaace/Code/mid70/2025_radar_station/install/radar_station_interface/lib/python3.8/site-packages:${PYTHONPATH} /usr/local/bin/cmake --build /home/spaaaaace/Code/mid70/2025_radar_station/build/robot_tracker -- -j22 -l22
[0.073s] Invoking command in '/home/spaaaaace/Code/mid70/2025_radar_station/build/robot_tracker': AMENT_PREFIX_PATH=/home/spaaaaace/Code/mid70/2025_radar_station/install/radar_station_interface:${AMENT_PREFIX_PATH} CMAKE_PREFIX_PATH=/home/spaaaaace/Code/mid70/2025_radar_station/install/radar_station_interface:/home/spaaaaace/env/MicroROS-Agent/microros_ws/install/micro_ros_agent:/home/spaaaaace/env/MicroROS-Agent/microros_ws/install/micro_ros_msgs:/usr/local:/usr/local:/opt/ros/humble CONDA_PROMPT_MODIFIER=(vision) LD_LIBRARY_PATH=/home/spaaaaace/Code/mid70/2025_radar_station/install/radar_station_interface/lib:${LD_LIBRARY_PATH} PYTHONPATH=/home/spaaaaace/Code/mid70/2025_radar_station/install/radar_station_interface/lib/python3.8/site-packages:${PYTHONPATH} /usr/local/bin/cmake --install /home/spaaaaace/Code/mid70/2025_radar_station/build/robot_tracker
[0.076s] -- Install configuration: ""
[0.077s] -- Installing: /home/spaaaaace/Code/mid70/2025_radar_station/install/robot_tracker/lib/robot_tracker/robot_tracker
[0.106s] -- Set runtime path of "/home/spaaaaace/Code/mid70/2025_radar_station/install/robot_tracker/lib/robot_tracker/robot_tracker" to ""
[0.106s] -- Installing: /home/spaaaaace/Code/mid70/2025_radar_station/install/robot_tracker/share/robot_tracker/launch
[0.106s] -- Installing: /home/spaaaaace/Code/mid70/2025_radar_station/install/robot_tracker/share/robot_tracker/launch/robot_tracker.launch.py
[0.107s] -- Installing: /home/spaaaaace/Code/mid70/2025_radar_station/install/robot_tracker/share/ament_index/resource_index/package_run_dependencies/robot_tracker
[0.107s] -- Installing: /home/spaaaaace/Code/mid70/2025_radar_station/install/robot_tracker/share/ament_index/resource_index/parent_prefix_path/robot_tracker
[0.107s] -- Installing: /home/spaaaaace/Code/mid70/2025_radar_station/install/robot_tracker/share/robot_tracker/environment/ament_prefix_path.sh
[0.107s] -- Installing: /home/spaaaaace/Code/mid70/2025_radar_station/install/robot_tracker/share/robot_tracker/environment/ament_prefix_path.dsv
[0.107s] -- Installing: /home/spaaaaace/Code/mid70/2025_radar_station/install/robot_tracker/share/robot_tracker/environment/path.sh
[0.107s] -- Installing: /home/spaaaaace/Code/mid70/2025_radar_station/install/robot_tracker/share/robot_tracker/environment/path.dsv
[0.107s] -- Installing: /home/spaaaaace/Code/mid70/2025_radar_station/install/robot_tracker/share/robot_tracker/local_setup.bash
[0.107s] -- Installing: /home/spaaaaace/Code/mid70/2025_radar_station/install/robot_tracker/share/robot_tracker/local_setup.sh
[0.107s] -- Installing: /home/spaaaaace/Code/mid70/2025_radar_station/install/robot_tracker/share/robot_tracker/local_setup.zsh
[0.108s] -- Installing: /home/spaaaaace/Code/mid70/2025_radar_station/install/robot_tracker/share/robot_tracker/local_setup.dsv
[0.108s] -- Installing: /home/spaaaaace/Code/mid70/2025_radar_station/install/robot_tracker/share/robot_tracker/package.dsv
[0.108s] -- Installing: /home/spaaaaace/Code/mid70/2025_radar_station/install/robot_tracker/share/ament_index/resource_index/packages/robot_tracker
[0.108s] -- Installing: /home/spaaaaace/Code/mid70/2025_radar_station/install/robot_tracker/share/robot_tracker/cmake/robot_trackerConfig.cmake
[0.108s] -- Installing: /home/spaaaaace/Code/mid70/2025_radar_station/install/robot_tracker/share/robot_tracker/cmake/robot_trackerConfig-version.cmake
[0.108s] -- Installing: /home/spaaaaace/Code/mid70/2025_radar_station/install/robot_tracker/share/robot_tracker/package.xml
[0.114s] Invoked command in '/home/spaaaaace/Code/mid70/2025_radar_station/build/robot_tracker' returned '0': AMENT_PREFIX_PATH=/home/spaaaaace/Code/mid70/2025_radar_station/install/radar_station_interface:${AMENT_PREFIX_PATH} CMAKE_PREFIX_PATH=/home/spaaaaace/Code/mid70/2025_radar_station/install/radar_station_interface:/home/spaaaaace/env/MicroROS-Agent/microros_ws/install/micro_ros_agent:/home/spaaaaace/env/MicroROS-Agent/microros_ws/install/micro_ros_msgs:/usr/local:/usr/local:/opt/ros/humble CONDA_PROMPT_MODIFIER=(vision) LD_LIBRARY_PATH=/home/spaaaaace/Code/mid70/2025_radar_station/install/radar_station_interface/lib:${LD_LIBRARY_PATH} PYTHONPATH=/home/spaaaaace/Code/mid70/2025_radar_station/install/radar_station_interface/lib/python3.8/site-packages:${PYTHONPATH} /usr/local/bin/cmake --install /home/spaaaaace/Code/mid70/2025_radar_station/build/robot_tracker
