[0.018s] Invoking command in '/home/spaaaaace/Code/mid70/2025_radar_station/build/radar_station_interface': CMAKE_PREFIX_PATH=${CMAKE_PREFIX_PATH}:/opt/ros/humble CONDA_PROMPT_MODIFIER=(vision) /usr/local/bin/cmake --build /home/spaaaaace/Code/mid70/2025_radar_station/build/radar_station_interface -- -j22 -l22
[0.035s] [ 10%] Built target radar_station_interface__rosidl_generator_c
[0.035s] [ 12%] Built target radar_station_interface__cpp
[0.039s] [ 12%] Built target ament_cmake_python_copy_radar_station_interface
[0.050s] [ 23%] Built target radar_station_interface__rosidl_typesupport_c
[0.050s] [ 33%] Built target radar_station_interface__rosidl_typesupport_introspection_c
[0.050s] [ 43%] Built target radar_station_interface__rosidl_typesupport_fastrtps_c
[0.051s] [ 53%] Built target radar_station_interface__rosidl_typesupport_cpp
[0.052s] [ 64%] Built target radar_station_interface__rosidl_typesupport_introspection_cpp
[0.053s] [ 74%] Built target radar_station_interface__rosidl_typesupport_fastrtps_cpp
[0.060s] [ 74%] Built target radar_station_interface
[0.066s] [ 76%] Built target radar_station_interface__py
[0.072s] [ 84%] Built target radar_station_interface__rosidl_generator_py
[0.078s] [ 89%] Built target radar_station_interface__rosidl_typesupport_fastrtps_c__pyext
[0.079s] [ 94%] Built target radar_station_interface__rosidl_typesupport_introspection_c__pyext
[0.081s] [100%] Built target radar_station_interface__rosidl_typesupport_c__pyext
[0.157s] running egg_info
[0.164s] writing radar_station_interface.egg-info/PKG-INFO
[0.164s] writing dependency_links to radar_station_interface.egg-info/dependency_links.txt
[0.164s] writing top-level names to radar_station_interface.egg-info/top_level.txt
[0.184s] reading manifest file 'radar_station_interface.egg-info/SOURCES.txt'
[0.184s] writing manifest file 'radar_station_interface.egg-info/SOURCES.txt'
[0.201s] [100%] Built target ament_cmake_python_build_radar_station_interface_egg
[0.203s] Invoked command in '/home/spaaaaace/Code/mid70/2025_radar_station/build/radar_station_interface' returned '0': CMAKE_PREFIX_PATH=${CMAKE_PREFIX_PATH}:/opt/ros/humble CONDA_PROMPT_MODIFIER=(vision) /usr/local/bin/cmake --build /home/spaaaaace/Code/mid70/2025_radar_station/build/radar_station_interface -- -j22 -l22
[0.262s] Invoking command in '/home/spaaaaace/Code/mid70/2025_radar_station/build/radar_station_interface': CMAKE_PREFIX_PATH=${CMAKE_PREFIX_PATH}:/opt/ros/humble CONDA_PROMPT_MODIFIER=(vision) /usr/local/bin/cmake --install /home/spaaaaace/Code/mid70/2025_radar_station/build/radar_station_interface
[0.264s] -- Install configuration: ""
[0.264s] -- Up-to-date: /home/spaaaaace/Code/mid70/2025_radar_station/install/radar_station_interface/share/ament_index/resource_index/rosidl_interfaces/radar_station_interface
[0.264s] -- Up-to-date: /home/spaaaaace/Code/mid70/2025_radar_station/install/radar_station_interface/include/radar_station_interface/radar_station_interface
[0.264s] -- Up-to-date: /home/spaaaaace/Code/mid70/2025_radar_station/install/radar_station_interface/include/radar_station_interface/radar_station_interface/msg
[0.264s] -- Up-to-date: /home/spaaaaace/Code/mid70/2025_radar_station/install/radar_station_interface/include/radar_station_interface/radar_station_interface/msg/detail
[0.264s] -- Up-to-date: /home/spaaaaace/Code/mid70/2025_radar_station/install/radar_station_interface/include/radar_station_interface/radar_station_interface/msg/detail/robot_position_array__functions.h
[0.264s] -- Up-to-date: /home/spaaaaace/Code/mid70/2025_radar_station/install/radar_station_interface/include/radar_station_interface/radar_station_interface/msg/detail/robot_position__struct.h
[0.265s] -- Up-to-date: /home/spaaaaace/Code/mid70/2025_radar_station/install/radar_station_interface/include/radar_station_interface/radar_station_interface/msg/detail/robot_position__type_support.h
[0.265s] -- Up-to-date: /home/spaaaaace/Code/mid70/2025_radar_station/install/radar_station_interface/include/radar_station_interface/radar_station_interface/msg/detail/robot_position__functions.h
[0.265s] -- Up-to-date: /home/spaaaaace/Code/mid70/2025_radar_station/install/radar_station_interface/include/radar_station_interface/radar_station_interface/msg/detail/robot_position_array__functions.c
[0.265s] -- Up-to-date: /home/spaaaaace/Code/mid70/2025_radar_station/install/radar_station_interface/include/radar_station_interface/radar_station_interface/msg/detail/robot_position_array__struct.h
[0.265s] -- Up-to-date: /home/spaaaaace/Code/mid70/2025_radar_station/install/radar_station_interface/include/radar_station_interface/radar_station_interface/msg/detail/robot_position_array__type_support.h
[0.265s] -- Up-to-date: /home/spaaaaace/Code/mid70/2025_radar_station/install/radar_station_interface/include/radar_station_interface/radar_station_interface/msg/detail/robot_position__functions.c
[0.265s] -- Up-to-date: /home/spaaaaace/Code/mid70/2025_radar_station/install/radar_station_interface/include/radar_station_interface/radar_station_interface/msg/robot_position_array.h
[0.265s] -- Up-to-date: /home/spaaaaace/Code/mid70/2025_radar_station/install/radar_station_interface/include/radar_station_interface/radar_station_interface/msg/rosidl_generator_c__visibility_control.h
[0.266s] -- Up-to-date: /home/spaaaaace/Code/mid70/2025_radar_station/install/radar_station_interface/include/radar_station_interface/radar_station_interface/msg/robot_position.h
[0.266s] -- Up-to-date: /home/spaaaaace/Code/mid70/2025_radar_station/install/radar_station_interface/share/radar_station_interface/environment/library_path.sh
[0.266s] -- Up-to-date: /home/spaaaaace/Code/mid70/2025_radar_station/install/radar_station_interface/share/radar_station_interface/environment/library_path.dsv
[0.266s] -- Up-to-date: /home/spaaaaace/Code/mid70/2025_radar_station/install/radar_station_interface/lib/libradar_station_interface__rosidl_generator_c.so
[0.266s] -- Up-to-date: /home/spaaaaace/Code/mid70/2025_radar_station/install/radar_station_interface/include/radar_station_interface/radar_station_interface
[0.266s] -- Up-to-date: /home/spaaaaace/Code/mid70/2025_radar_station/install/radar_station_interface/include/radar_station_interface/radar_station_interface/msg
[0.266s] -- Up-to-date: /home/spaaaaace/Code/mid70/2025_radar_station/install/radar_station_interface/include/radar_station_interface/radar_station_interface/msg/rosidl_typesupport_fastrtps_c__visibility_control.h
[0.266s] -- Up-to-date: /home/spaaaaace/Code/mid70/2025_radar_station/install/radar_station_interface/include/radar_station_interface/radar_station_interface/msg/detail
[0.266s] -- Up-to-date: /home/spaaaaace/Code/mid70/2025_radar_station/install/radar_station_interface/include/radar_station_interface/radar_station_interface/msg/detail/robot_position__rosidl_typesupport_fastrtps_c.h
[0.267s] -- Up-to-date: /home/spaaaaace/Code/mid70/2025_radar_station/install/radar_station_interface/include/radar_station_interface/radar_station_interface/msg/detail/robot_position_array__rosidl_typesupport_fastrtps_c.h
[0.267s] -- Up-to-date: /home/spaaaaace/Code/mid70/2025_radar_station/install/radar_station_interface/lib/libradar_station_interface__rosidl_typesupport_fastrtps_c.so
[0.267s] -- Up-to-date: /home/spaaaaace/Code/mid70/2025_radar_station/install/radar_station_interface/include/radar_station_interface/radar_station_interface
[0.267s] -- Up-to-date: /home/spaaaaace/Code/mid70/2025_radar_station/install/radar_station_interface/include/radar_station_interface/radar_station_interface/msg
[0.267s] -- Up-to-date: /home/spaaaaace/Code/mid70/2025_radar_station/install/radar_station_interface/include/radar_station_interface/radar_station_interface/msg/detail
[0.267s] -- Up-to-date: /home/spaaaaace/Code/mid70/2025_radar_station/install/radar_station_interface/include/radar_station_interface/radar_station_interface/msg/detail/robot_position_array__type_support.c
[0.267s] -- Up-to-date: /home/spaaaaace/Code/mid70/2025_radar_station/install/radar_station_interface/include/radar_station_interface/radar_station_interface/msg/detail/robot_position__rosidl_typesupport_introspection_c.h
[0.267s] -- Up-to-date: /home/spaaaaace/Code/mid70/2025_radar_station/install/radar_station_interface/include/radar_station_interface/radar_station_interface/msg/detail/robot_position_array__rosidl_typesupport_introspection_c.h
[0.267s] -- Up-to-date: /home/spaaaaace/Code/mid70/2025_radar_station/install/radar_station_interface/include/radar_station_interface/radar_station_interface/msg/detail/robot_position__type_support.c
[0.267s] -- Up-to-date: /home/spaaaaace/Code/mid70/2025_radar_station/install/radar_station_interface/include/radar_station_interface/radar_station_interface/msg/rosidl_typesupport_introspection_c__visibility_control.h
[0.267s] -- Up-to-date: /home/spaaaaace/Code/mid70/2025_radar_station/install/radar_station_interface/lib/libradar_station_interface__rosidl_typesupport_introspection_c.so
[0.267s] -- Up-to-date: /home/spaaaaace/Code/mid70/2025_radar_station/install/radar_station_interface/lib/libradar_station_interface__rosidl_typesupport_c.so
[0.267s] -- Up-to-date: /home/spaaaaace/Code/mid70/2025_radar_station/install/radar_station_interface/include/radar_station_interface/radar_station_interface
[0.267s] -- Up-to-date: /home/spaaaaace/Code/mid70/2025_radar_station/install/radar_station_interface/include/radar_station_interface/radar_station_interface/msg
[0.267s] -- Up-to-date: /home/spaaaaace/Code/mid70/2025_radar_station/install/radar_station_interface/include/radar_station_interface/radar_station_interface/msg/robot_position.hpp
[0.267s] -- Up-to-date: /home/spaaaaace/Code/mid70/2025_radar_station/install/radar_station_interface/include/radar_station_interface/radar_station_interface/msg/detail
[0.267s] -- Up-to-date: /home/spaaaaace/Code/mid70/2025_radar_station/install/radar_station_interface/include/radar_station_interface/radar_station_interface/msg/detail/robot_position__traits.hpp
[0.267s] -- Up-to-date: /home/spaaaaace/Code/mid70/2025_radar_station/install/radar_station_interface/include/radar_station_interface/radar_station_interface/msg/detail/robot_position__builder.hpp
[0.267s] -- Up-to-date: /home/spaaaaace/Code/mid70/2025_radar_station/install/radar_station_interface/include/radar_station_interface/radar_station_interface/msg/detail/robot_position__struct.hpp
[0.267s] -- Up-to-date: /home/spaaaaace/Code/mid70/2025_radar_station/install/radar_station_interface/include/radar_station_interface/radar_station_interface/msg/detail/robot_position_array__traits.hpp
[0.268s] -- Up-to-date: /home/spaaaaace/Code/mid70/2025_radar_station/install/radar_station_interface/include/radar_station_interface/radar_station_interface/msg/detail/robot_position_array__builder.hpp
[0.268s] -- Up-to-date: /home/spaaaaace/Code/mid70/2025_radar_station/install/radar_station_interface/include/radar_station_interface/radar_station_interface/msg/detail/robot_position_array__struct.hpp
[0.268s] -- Up-to-date: /home/spaaaaace/Code/mid70/2025_radar_station/install/radar_station_interface/include/radar_station_interface/radar_station_interface/msg/robot_position_array.hpp
[0.268s] -- Up-to-date: /home/spaaaaace/Code/mid70/2025_radar_station/install/radar_station_interface/include/radar_station_interface/radar_station_interface
[0.268s] -- Up-to-date: /home/spaaaaace/Code/mid70/2025_radar_station/install/radar_station_interface/include/radar_station_interface/radar_station_interface/msg
[0.268s] -- Up-to-date: /home/spaaaaace/Code/mid70/2025_radar_station/install/radar_station_interface/include/radar_station_interface/radar_station_interface/msg/detail
[0.268s] -- Up-to-date: /home/spaaaaace/Code/mid70/2025_radar_station/install/radar_station_interface/include/radar_station_interface/radar_station_interface/msg/detail/robot_position_array__rosidl_typesupport_fastrtps_cpp.hpp
[0.268s] -- Up-to-date: /home/spaaaaace/Code/mid70/2025_radar_station/install/radar_station_interface/include/radar_station_interface/radar_station_interface/msg/detail/robot_position__rosidl_typesupport_fastrtps_cpp.hpp
[0.268s] -- Up-to-date: /home/spaaaaace/Code/mid70/2025_radar_station/install/radar_station_interface/include/radar_station_interface/radar_station_interface/msg/detail/dds_fastrtps
[0.268s] -- Up-to-date: /home/spaaaaace/Code/mid70/2025_radar_station/install/radar_station_interface/include/radar_station_interface/radar_station_interface/msg/rosidl_typesupport_fastrtps_cpp__visibility_control.h
[0.268s] -- Up-to-date: /home/spaaaaace/Code/mid70/2025_radar_station/install/radar_station_interface/lib/libradar_station_interface__rosidl_typesupport_fastrtps_cpp.so
[0.268s] -- Up-to-date: /home/spaaaaace/Code/mid70/2025_radar_station/install/radar_station_interface/include/radar_station_interface/radar_station_interface
[0.268s] -- Up-to-date: /home/spaaaaace/Code/mid70/2025_radar_station/install/radar_station_interface/include/radar_station_interface/radar_station_interface/msg
[0.268s] -- Up-to-date: /home/spaaaaace/Code/mid70/2025_radar_station/install/radar_station_interface/include/radar_station_interface/radar_station_interface/msg/detail
[0.268s] -- Up-to-date: /home/spaaaaace/Code/mid70/2025_radar_station/install/radar_station_interface/include/radar_station_interface/radar_station_interface/msg/detail/robot_position__type_support.cpp
[0.268s] -- Up-to-date: /home/spaaaaace/Code/mid70/2025_radar_station/install/radar_station_interface/include/radar_station_interface/radar_station_interface/msg/detail/robot_position__rosidl_typesupport_introspection_cpp.hpp
[0.268s] -- Up-to-date: /home/spaaaaace/Code/mid70/2025_radar_station/install/radar_station_interface/include/radar_station_interface/radar_station_interface/msg/detail/robot_position_array__type_support.cpp
[0.268s] -- Up-to-date: /home/spaaaaace/Code/mid70/2025_radar_station/install/radar_station_interface/include/radar_station_interface/radar_station_interface/msg/detail/robot_position_array__rosidl_typesupport_introspection_cpp.hpp
[0.268s] -- Up-to-date: /home/spaaaaace/Code/mid70/2025_radar_station/install/radar_station_interface/lib/libradar_station_interface__rosidl_typesupport_introspection_cpp.so
[0.268s] -- Up-to-date: /home/spaaaaace/Code/mid70/2025_radar_station/install/radar_station_interface/lib/libradar_station_interface__rosidl_typesupport_cpp.so
[0.268s] -- Up-to-date: /home/spaaaaace/Code/mid70/2025_radar_station/install/radar_station_interface/share/radar_station_interface/environment/pythonpath.sh
[0.268s] -- Up-to-date: /home/spaaaaace/Code/mid70/2025_radar_station/install/radar_station_interface/share/radar_station_interface/environment/pythonpath.dsv
[0.268s] -- Up-to-date: /home/spaaaaace/Code/mid70/2025_radar_station/install/radar_station_interface/lib/python3.8/site-packages/radar_station_interface-0.0.0-py3.8.egg-info
[0.268s] -- Installing: /home/spaaaaace/Code/mid70/2025_radar_station/install/radar_station_interface/lib/python3.8/site-packages/radar_station_interface-0.0.0-py3.8.egg-info/dependency_links.txt
[0.268s] -- Installing: /home/spaaaaace/Code/mid70/2025_radar_station/install/radar_station_interface/lib/python3.8/site-packages/radar_station_interface-0.0.0-py3.8.egg-info/SOURCES.txt
[0.268s] -- Installing: /home/spaaaaace/Code/mid70/2025_radar_station/install/radar_station_interface/lib/python3.8/site-packages/radar_station_interface-0.0.0-py3.8.egg-info/PKG-INFO
[0.268s] -- Installing: /home/spaaaaace/Code/mid70/2025_radar_station/install/radar_station_interface/lib/python3.8/site-packages/radar_station_interface-0.0.0-py3.8.egg-info/top_level.txt
[0.268s] -- Up-to-date: /home/spaaaaace/Code/mid70/2025_radar_station/install/radar_station_interface/lib/python3.8/site-packages/radar_station_interface
[0.268s] -- Up-to-date: /home/spaaaaace/Code/mid70/2025_radar_station/install/radar_station_interface/lib/python3.8/site-packages/radar_station_interface/_radar_station_interface_s.ep.rosidl_typesupport_introspection_c.c
[0.268s] -- Up-to-date: /home/spaaaaace/Code/mid70/2025_radar_station/install/radar_station_interface/lib/python3.8/site-packages/radar_station_interface/radar_station_interface_s__rosidl_typesupport_introspection_c.cpython-38-x86_64-linux-gnu.so
[0.269s] -- Up-to-date: /home/spaaaaace/Code/mid70/2025_radar_station/install/radar_station_interface/lib/python3.8/site-packages/radar_station_interface/msg
[0.269s] -- Up-to-date: /home/spaaaaace/Code/mid70/2025_radar_station/install/radar_station_interface/lib/python3.8/site-packages/radar_station_interface/msg/_robot_position.py
[0.269s] -- Up-to-date: /home/spaaaaace/Code/mid70/2025_radar_station/install/radar_station_interface/lib/python3.8/site-packages/radar_station_interface/msg/_robot_position_array.py
[0.269s] -- Up-to-date: /home/spaaaaace/Code/mid70/2025_radar_station/install/radar_station_interface/lib/python3.8/site-packages/radar_station_interface/msg/_robot_position_s.c
[0.269s] -- Up-to-date: /home/spaaaaace/Code/mid70/2025_radar_station/install/radar_station_interface/lib/python3.8/site-packages/radar_station_interface/msg/_robot_position_array_s.c
[0.269s] -- Up-to-date: /home/spaaaaace/Code/mid70/2025_radar_station/install/radar_station_interface/lib/python3.8/site-packages/radar_station_interface/msg/__init__.py
[0.269s] -- Up-to-date: /home/spaaaaace/Code/mid70/2025_radar_station/install/radar_station_interface/lib/python3.8/site-packages/radar_station_interface/_radar_station_interface_s.ep.rosidl_typesupport_fastrtps_c.c
[0.269s] -- Up-to-date: /home/spaaaaace/Code/mid70/2025_radar_station/install/radar_station_interface/lib/python3.8/site-packages/radar_station_interface/libradar_station_interface__rosidl_generator_py.so
[0.269s] -- Up-to-date: /home/spaaaaace/Code/mid70/2025_radar_station/install/radar_station_interface/lib/python3.8/site-packages/radar_station_interface/radar_station_interface_s__rosidl_typesupport_fastrtps_c.cpython-38-x86_64-linux-gnu.so
[0.269s] -- Up-to-date: /home/spaaaaace/Code/mid70/2025_radar_station/install/radar_station_interface/lib/python3.8/site-packages/radar_station_interface/_radar_station_interface_s.ep.rosidl_typesupport_c.c
[0.269s] -- Up-to-date: /home/spaaaaace/Code/mid70/2025_radar_station/install/radar_station_interface/lib/python3.8/site-packages/radar_station_interface/radar_station_interface_s__rosidl_typesupport_c.cpython-38-x86_64-linux-gnu.so
[0.269s] -- Up-to-date: /home/spaaaaace/Code/mid70/2025_radar_station/install/radar_station_interface/lib/python3.8/site-packages/radar_station_interface/__init__.py
[0.288s] Listing '/home/spaaaaace/Code/mid70/2025_radar_station/install/radar_station_interface/lib/python3.8/site-packages/radar_station_interface'...
[0.288s] Listing '/home/spaaaaace/Code/mid70/2025_radar_station/install/radar_station_interface/lib/python3.8/site-packages/radar_station_interface/msg'...
[0.290s] -- Up-to-date: /home/spaaaaace/Code/mid70/2025_radar_station/install/radar_station_interface/lib/python3.8/site-packages/radar_station_interface/radar_station_interface_s__rosidl_typesupport_fastrtps_c.cpython-38-x86_64-linux-gnu.so
[0.290s] -- Up-to-date: /home/spaaaaace/Code/mid70/2025_radar_station/install/radar_station_interface/lib/python3.8/site-packages/radar_station_interface/radar_station_interface_s__rosidl_typesupport_introspection_c.cpython-38-x86_64-linux-gnu.so
[0.290s] -- Up-to-date: /home/spaaaaace/Code/mid70/2025_radar_station/install/radar_station_interface/lib/python3.8/site-packages/radar_station_interface/radar_station_interface_s__rosidl_typesupport_c.cpython-38-x86_64-linux-gnu.so
[0.291s] -- Up-to-date: /home/spaaaaace/Code/mid70/2025_radar_station/install/radar_station_interface/lib/libradar_station_interface__rosidl_generator_py.so
[0.291s] -- Up-to-date: /home/spaaaaace/Code/mid70/2025_radar_station/install/radar_station_interface/share/radar_station_interface/msg/RobotPosition.idl
[0.291s] -- Up-to-date: /home/spaaaaace/Code/mid70/2025_radar_station/install/radar_station_interface/share/radar_station_interface/msg/RobotPositionArray.idl
[0.291s] -- Up-to-date: /home/spaaaaace/Code/mid70/2025_radar_station/install/radar_station_interface/share/radar_station_interface/msg/RobotPosition.msg
[0.291s] -- Up-to-date: /home/spaaaaace/Code/mid70/2025_radar_station/install/radar_station_interface/share/radar_station_interface/msg/RobotPositionArray.msg
[0.291s] -- Up-to-date: /home/spaaaaace/Code/mid70/2025_radar_station/install/radar_station_interface/share/ament_index/resource_index/package_run_dependencies/radar_station_interface
[0.291s] -- Up-to-date: /home/spaaaaace/Code/mid70/2025_radar_station/install/radar_station_interface/share/ament_index/resource_index/parent_prefix_path/radar_station_interface
[0.291s] -- Up-to-date: /home/spaaaaace/Code/mid70/2025_radar_station/install/radar_station_interface/share/radar_station_interface/environment/ament_prefix_path.sh
[0.291s] -- Up-to-date: /home/spaaaaace/Code/mid70/2025_radar_station/install/radar_station_interface/share/radar_station_interface/environment/ament_prefix_path.dsv
[0.291s] -- Up-to-date: /home/spaaaaace/Code/mid70/2025_radar_station/install/radar_station_interface/share/radar_station_interface/environment/path.sh
[0.291s] -- Up-to-date: /home/spaaaaace/Code/mid70/2025_radar_station/install/radar_station_interface/share/radar_station_interface/environment/path.dsv
[0.291s] -- Up-to-date: /home/spaaaaace/Code/mid70/2025_radar_station/install/radar_station_interface/share/radar_station_interface/local_setup.bash
[0.291s] -- Up-to-date: /home/spaaaaace/Code/mid70/2025_radar_station/install/radar_station_interface/share/radar_station_interface/local_setup.sh
[0.291s] -- Up-to-date: /home/spaaaaace/Code/mid70/2025_radar_station/install/radar_station_interface/share/radar_station_interface/local_setup.zsh
[0.291s] -- Up-to-date: /home/spaaaaace/Code/mid70/2025_radar_station/install/radar_station_interface/share/radar_station_interface/local_setup.dsv
[0.291s] -- Installing: /home/spaaaaace/Code/mid70/2025_radar_station/install/radar_station_interface/share/radar_station_interface/package.dsv
[0.291s] -- Up-to-date: /home/spaaaaace/Code/mid70/2025_radar_station/install/radar_station_interface/share/ament_index/resource_index/packages/radar_station_interface
[0.291s] -- Up-to-date: /home/spaaaaace/Code/mid70/2025_radar_station/install/radar_station_interface/share/radar_station_interface/cmake/export_radar_station_interface__rosidl_generator_cExport.cmake
[0.291s] -- Up-to-date: /home/spaaaaace/Code/mid70/2025_radar_station/install/radar_station_interface/share/radar_station_interface/cmake/export_radar_station_interface__rosidl_generator_cExport-noconfig.cmake
[0.291s] -- Up-to-date: /home/spaaaaace/Code/mid70/2025_radar_station/install/radar_station_interface/share/radar_station_interface/cmake/export_radar_station_interface__rosidl_typesupport_fastrtps_cExport.cmake
[0.291s] -- Up-to-date: /home/spaaaaace/Code/mid70/2025_radar_station/install/radar_station_interface/share/radar_station_interface/cmake/export_radar_station_interface__rosidl_typesupport_fastrtps_cExport-noconfig.cmake
[0.291s] -- Up-to-date: /home/spaaaaace/Code/mid70/2025_radar_station/install/radar_station_interface/share/radar_station_interface/cmake/radar_station_interface__rosidl_typesupport_introspection_cExport.cmake
[0.291s] -- Up-to-date: /home/spaaaaace/Code/mid70/2025_radar_station/install/radar_station_interface/share/radar_station_interface/cmake/radar_station_interface__rosidl_typesupport_introspection_cExport-noconfig.cmake
[0.291s] -- Up-to-date: /home/spaaaaace/Code/mid70/2025_radar_station/install/radar_station_interface/share/radar_station_interface/cmake/radar_station_interface__rosidl_typesupport_cExport.cmake
[0.292s] -- Up-to-date: /home/spaaaaace/Code/mid70/2025_radar_station/install/radar_station_interface/share/radar_station_interface/cmake/radar_station_interface__rosidl_typesupport_cExport-noconfig.cmake
[0.292s] -- Up-to-date: /home/spaaaaace/Code/mid70/2025_radar_station/install/radar_station_interface/share/radar_station_interface/cmake/export_radar_station_interface__rosidl_generator_cppExport.cmake
[0.292s] -- Up-to-date: /home/spaaaaace/Code/mid70/2025_radar_station/install/radar_station_interface/share/radar_station_interface/cmake/export_radar_station_interface__rosidl_typesupport_fastrtps_cppExport.cmake
[0.292s] -- Up-to-date: /home/spaaaaace/Code/mid70/2025_radar_station/install/radar_station_interface/share/radar_station_interface/cmake/export_radar_station_interface__rosidl_typesupport_fastrtps_cppExport-noconfig.cmake
[0.292s] -- Up-to-date: /home/spaaaaace/Code/mid70/2025_radar_station/install/radar_station_interface/share/radar_station_interface/cmake/radar_station_interface__rosidl_typesupport_introspection_cppExport.cmake
[0.292s] -- Up-to-date: /home/spaaaaace/Code/mid70/2025_radar_station/install/radar_station_interface/share/radar_station_interface/cmake/radar_station_interface__rosidl_typesupport_introspection_cppExport-noconfig.cmake
[0.292s] -- Up-to-date: /home/spaaaaace/Code/mid70/2025_radar_station/install/radar_station_interface/share/radar_station_interface/cmake/radar_station_interface__rosidl_typesupport_cppExport.cmake
[0.292s] -- Up-to-date: /home/spaaaaace/Code/mid70/2025_radar_station/install/radar_station_interface/share/radar_station_interface/cmake/radar_station_interface__rosidl_typesupport_cppExport-noconfig.cmake
[0.292s] -- Up-to-date: /home/spaaaaace/Code/mid70/2025_radar_station/install/radar_station_interface/share/radar_station_interface/cmake/export_radar_station_interface__rosidl_generator_pyExport.cmake
[0.292s] -- Up-to-date: /home/spaaaaace/Code/mid70/2025_radar_station/install/radar_station_interface/share/radar_station_interface/cmake/export_radar_station_interface__rosidl_generator_pyExport-noconfig.cmake
[0.292s] -- Up-to-date: /home/spaaaaace/Code/mid70/2025_radar_station/install/radar_station_interface/share/radar_station_interface/cmake/rosidl_cmake-extras.cmake
[0.292s] -- Up-to-date: /home/spaaaaace/Code/mid70/2025_radar_station/install/radar_station_interface/share/radar_station_interface/cmake/ament_cmake_export_include_directories-extras.cmake
[0.292s] -- Up-to-date: /home/spaaaaace/Code/mid70/2025_radar_station/install/radar_station_interface/share/radar_station_interface/cmake/ament_cmake_export_libraries-extras.cmake
[0.292s] -- Up-to-date: /home/spaaaaace/Code/mid70/2025_radar_station/install/radar_station_interface/share/radar_station_interface/cmake/ament_cmake_export_targets-extras.cmake
[0.292s] -- Up-to-date: /home/spaaaaace/Code/mid70/2025_radar_station/install/radar_station_interface/share/radar_station_interface/cmake/rosidl_cmake_export_typesupport_targets-extras.cmake
[0.292s] -- Up-to-date: /home/spaaaaace/Code/mid70/2025_radar_station/install/radar_station_interface/share/radar_station_interface/cmake/ament_cmake_export_dependencies-extras.cmake
[0.292s] -- Up-to-date: /home/spaaaaace/Code/mid70/2025_radar_station/install/radar_station_interface/share/radar_station_interface/cmake/rosidl_cmake_export_typesupport_libraries-extras.cmake
[0.292s] -- Up-to-date: /home/spaaaaace/Code/mid70/2025_radar_station/install/radar_station_interface/share/radar_station_interface/cmake/radar_station_interfaceConfig.cmake
[0.292s] -- Up-to-date: /home/spaaaaace/Code/mid70/2025_radar_station/install/radar_station_interface/share/radar_station_interface/cmake/radar_station_interfaceConfig-version.cmake
[0.292s] -- Up-to-date: /home/spaaaaace/Code/mid70/2025_radar_station/install/radar_station_interface/share/radar_station_interface/package.xml
[0.293s] Invoked command in '/home/spaaaaace/Code/mid70/2025_radar_station/build/radar_station_interface' returned '0': CMAKE_PREFIX_PATH=${CMAKE_PREFIX_PATH}:/opt/ros/humble CONDA_PROMPT_MODIFIER=(vision) /usr/local/bin/cmake --install /home/spaaaaace/Code/mid70/2025_radar_station/build/radar_station_interface
