[0.019s] Invoking command in '/home/spaaaaace/Code/mid70/2025_radar_station/build/radar_station': AMENT_PREFIX_PATH=/home/spaaaaace/Code/mid70/2025_radar_station/install/radar_station_interface:${AMENT_PREFIX_PATH} CMAKE_PREFIX_PATH=/home/spaaaaace/Code/mid70/2025_radar_station/install/radar_station_interface:/home/spaaaaace/env/MicroROS-Agent/microros_ws/install/micro_ros_agent:/home/spaaaaace/env/MicroROS-Agent/microros_ws/install/micro_ros_msgs:/usr/local:/usr/local:/opt/ros/humble CONDA_PROMPT_MODIFIER=(vision) LD_LIBRARY_PATH=/home/spaaaaace/Code/mid70/2025_radar_station/install/radar_station_interface/lib:${LD_LIBRARY_PATH} PYTHONPATH=/home/spaaaaace/Code/mid70/2025_radar_station/install/radar_station_interface/lib/python3.8/site-packages:${PYTHONPATH} /usr/local/bin/cmake /home/spaaaaace/Code/mid70/2025_radar_station/src/radar_station -DCMAKE_INSTALL_PREFIX=/home/spaaaaace/Code/mid70/2025_radar_station/install/radar_station
[0.082s] -- The C compiler identification is GNU 11.4.0
[0.140s] -- The CXX compiler identification is GNU 11.4.0
[0.146s] -- Detecting C compiler ABI info
[0.186s] -- Detecting C compiler ABI info - done
[0.196s] -- Check for working C compiler: /usr/bin/cc - skipped
[0.196s] -- Detecting C compile features
[0.197s] -- Detecting C compile features - done
[0.199s] -- Detecting CXX compiler ABI info
[0.248s] -- Detecting CXX compiler ABI info - done
[0.255s] -- Check for working CXX compiler: /usr/bin/c++ - skipped
[0.255s] -- Detecting CXX compile features
[0.255s] -- Detecting CXX compile features - done
[0.257s] -- Found ament_cmake: 1.3.11 (/opt/ros/humble/share/ament_cmake/cmake)
[0.493s] -- Found Python3: /home/spaaaaace/anaconda3/envs/vision/bin/python3 (found version "3.8.20") found components: Interpreter 
[0.580s] -- Performing Test CMAKE_HAVE_LIBC_PTHREAD
[0.628s] -- Performing Test CMAKE_HAVE_LIBC_PTHREAD - Success
[0.628s] -- Found Threads: TRUE  
[0.638s] -- Found CUDA: /usr/local/cuda (found suitable exact version "11.8") 
[0.649s] -- Found OpenCV: /home/spaaaaace/Code/mid70/2025_radar_station/env/opencv/install (found version "4.10.0") 
[0.650s] -- Found rclcpp: 16.0.10 (/opt/ros/humble/share/rclcpp/cmake)
[0.676s] -- Found rosidl_generator_c: 3.1.5 (/opt/ros/humble/share/rosidl_generator_c/cmake)
[0.680s] -- Found rosidl_adapter: 3.1.5 (/opt/ros/humble/share/rosidl_adapter/cmake)
[0.686s] -- Found rosidl_generator_cpp: 3.1.5 (/opt/ros/humble/share/rosidl_generator_cpp/cmake)
[0.696s] -- Using all available rosidl_typesupport_c: rosidl_typesupport_fastrtps_c;rosidl_typesupport_introspection_c
[0.708s] -- Using all available rosidl_typesupport_cpp: rosidl_typesupport_fastrtps_cpp;rosidl_typesupport_introspection_cpp
[0.743s] -- Found rmw_implementation_cmake: 6.1.2 (/opt/ros/humble/share/rmw_implementation_cmake/cmake)
[0.745s] -- Found rmw_fastrtps_cpp: 6.2.7 (/opt/ros/humble/share/rmw_fastrtps_cpp/cmake)
[0.811s] -- Found OpenSSL: /usr/lib/x86_64-linux-gnu/libcrypto.so (found version "3.0.2")  
[0.830s] -- Found FastRTPS: /opt/ros/humble/include  
[0.867s] -- Using RMW implementation 'rmw_fastrtps_cpp' as default
[0.918s] -- Found sensor_msgs: 4.2.4 (/opt/ros/humble/share/sensor_msgs/cmake)
[0.946s] -- Found cv_bridge: 3.2.1 (/opt/ros/humble/share/cv_bridge/cmake)
[0.949s] -- Found image_transport: 3.1.9 (/opt/ros/humble/share/image_transport/cmake)
[0.994s] -- Checking for module 'eigen3'
[1.004s] --   Found eigen3, version 3.4.0
[1.023s] -- Found Eigen: /usr/local/include/eigen3 (Required is at least version "3.1") 
[1.023s] -- Eigen found (include: /usr/local/include/eigen3, version: 3.4.0)
[1.038s] -- Found Boost: /usr/lib/x86_64-linux-gnu/cmake/Boost-1.74.0/BoostConfig.cmake (found suitable version "1.74.0", minimum required is "1.65.0") found components: system filesystem date_time iostreams serialization 
[1.050s] -- Checking for module 'flann'
[1.059s] --   Found flann, version 1.9.1
[1.087s] -- Found FLANN: /usr/lib/x86_64-linux-gnu/libflann_cpp.so  
[1.087s] -- FLANN found (include: /usr/include, lib: /usr/lib/x86_64-linux-gnu/libflann_cpp.so)
[1.117s] -- Found GLEW: /usr/lib/x86_64-linux-gnu/libGLEW.so  
[1.122s] -- Found OpenGL: /usr/lib/x86_64-linux-gnu/libOpenGL.so  found components: OpenGL GLX 
[1.221s] -- Found MPI_C: /usr/lib/x86_64-linux-gnu/libmpi.so (found version "3.1") 
[1.221s] -- Found MPI: TRUE (found version "3.1") found components: C 
[1.223s] -- Found JsonCpp: /usr/lib/x86_64-linux-gnu/libjsoncpp.so (found suitable version "1.9.5", minimum required is "0.7.0") 
[1.235s] -- Found ZLIB: /usr/lib/x86_64-linux-gnu/libz.so (found version "1.2.11")  
[1.254s] -- Found PNG: /usr/lib/x86_64-linux-gnu/libpng.so (found version "1.6.37") 
[1.265s] -- Found Eigen3: /usr/include/eigen3 (found version "3.4.0") 
[1.335s] -- Found X11: /usr/include   
[1.335s] -- Looking for XOpenDisplay in /usr/lib/x86_64-linux-gnu/libX11.so;/usr/lib/x86_64-linux-gnu/libXext.so
[1.379s] -- Looking for XOpenDisplay in /usr/lib/x86_64-linux-gnu/libX11.so;/usr/lib/x86_64-linux-gnu/libXext.so - found
[1.379s] -- Looking for gethostbyname
[1.420s] -- Looking for gethostbyname - found
[1.420s] -- Looking for connect
[1.462s] -- Looking for connect - found
[1.462s] -- Looking for remove
[1.503s] -- Looking for remove - found
[1.503s] -- Looking for shmat
[1.545s] -- Looking for shmat - found
[1.546s] -- Looking for IceConnectionNumber in ICE
[1.591s] -- Looking for IceConnectionNumber in ICE - found
[1.663s] -- Found EXPAT: /usr/lib/x86_64-linux-gnu/libexpat.so (found version "2.4.7") 
[1.665s] -- Found double-conversion: /usr/lib/x86_64-linux-gnu/libdouble-conversion.so  
[1.667s] -- Found LZ4: /usr/lib/x86_64-linux-gnu/liblz4.so (found version "1.9.3") 
[1.668s] -- Found LZMA: /usr/lib/x86_64-linux-gnu/liblzma.so (found version "5.2.5") 
[1.678s] -- Found JPEG: /usr/lib/x86_64-linux-gnu/libjpeg.so (found version "80") 
[1.683s] -- Found TIFF: /usr/lib/x86_64-linux-gnu/libtiff.so (found version "4.3.0")  
[1.687s] -- Found Freetype: /usr/lib/x86_64-linux-gnu/libfreetype.so (found version "2.11.1") 
[1.691s] -- Found utf8cpp: /usr/include/utf8cpp  
[1.748s] -- Checking for module 'libusb-1.0'
[1.760s] --   Found libusb-1.0, version 1.0.25
[1.783s] -- Found libusb: /usr/lib/x86_64-linux-gnu/libusb-1.0.so  
[1.784s] -- Found OpenNI: /usr/lib/libOpenNI.so;libusb::libusb (found version "1.5.4.0") 
[1.784s] -- OpenNI found (version: 1.5.4.0, include: /usr/include/ni, lib: /usr/lib/libOpenNI.so;libusb::libusb)
[1.823s] -- Found OpenNI2: /usr/lib/x86_64-linux-gnu/libOpenNI2.so;libusb::libusb (found version "2.2.0.33") 
[1.823s] -- OpenNI2 found (version: 2.2.0.33, include: /usr/include/openni2, lib: /usr/lib/x86_64-linux-gnu/libOpenNI2.so;libusb::libusb)
[1.823s] [0m** WARNING ** io features related to pcap will be disabled[0m
[1.959s] -- Eigen found (include: /usr/local/include/eigen3, version: 3.4.0)
[1.964s] -- OpenNI found (version: 1.5.4.0, include: /usr/include/ni, lib: /usr/lib/libOpenNI.so;libusb::libusb)
[1.970s] -- OpenNI2 found (version: 2.2.0.33, include: /usr/include/openni2, lib: /usr/lib/x86_64-linux-gnu/libOpenNI2.so;libusb::libusb)
[2.111s] -- Found Qhull version 8.0.2
[2.244s] -- OpenNI found (version: 1.5.4.0, include: /usr/include/ni, lib: /usr/lib/libOpenNI.so;libusb::libusb)
[2.512s] -- looking for PCL_COMMON
[2.513s] -- Found PCL_COMMON: /usr/lib/x86_64-linux-gnu/libpcl_common.so  
[2.514s] -- looking for PCL_KDTREE
[2.515s] -- Found PCL_KDTREE: /usr/lib/x86_64-linux-gnu/libpcl_kdtree.so  
[2.516s] -- looking for PCL_OCTREE
[2.520s] -- Found PCL_OCTREE: /usr/lib/x86_64-linux-gnu/libpcl_octree.so  
[2.520s] -- looking for PCL_SEARCH
[2.520s] -- Found PCL_SEARCH: /usr/lib/x86_64-linux-gnu/libpcl_search.so  
[2.520s] -- looking for PCL_SAMPLE_CONSENSUS
[2.520s] -- Found PCL_SAMPLE_CONSENSUS: /usr/lib/x86_64-linux-gnu/libpcl_sample_consensus.so  
[2.523s] -- looking for PCL_FILTERS
[2.524s] -- Found PCL_FILTERS: /usr/lib/x86_64-linux-gnu/libpcl_filters.so  
[2.524s] -- looking for PCL_2D
[2.524s] -- Found PCL_2D: /usr/include/pcl-1.12  
[2.524s] -- looking for PCL_GEOMETRY
[2.525s] -- Found PCL_GEOMETRY: /usr/include/pcl-1.12  
[2.525s] -- looking for PCL_IO
[2.525s] -- Found PCL_IO: /usr/lib/x86_64-linux-gnu/libpcl_io.so  
[2.526s] -- looking for PCL_FEATURES
[2.527s] -- Found PCL_FEATURES: /usr/lib/x86_64-linux-gnu/libpcl_features.so  
[2.527s] -- looking for PCL_ML
[2.528s] -- Found PCL_ML: /usr/lib/x86_64-linux-gnu/libpcl_ml.so  
[2.528s] -- looking for PCL_SEGMENTATION
[2.529s] -- Found PCL_SEGMENTATION: /usr/lib/x86_64-linux-gnu/libpcl_segmentation.so  
[2.529s] -- looking for PCL_VISUALIZATION
[2.531s] -- Found PCL_VISUALIZATION: /usr/lib/x86_64-linux-gnu/libpcl_visualization.so  
[2.532s] -- looking for PCL_SURFACE
[2.536s] -- Found PCL_SURFACE: /usr/lib/x86_64-linux-gnu/libpcl_surface.so  
[2.537s] -- looking for PCL_REGISTRATION
[2.549s] -- Found PCL_REGISTRATION: /usr/lib/x86_64-linux-gnu/libpcl_registration.so  
[2.550s] -- looking for PCL_KEYPOINTS
[2.554s] -- Found PCL_KEYPOINTS: /usr/lib/x86_64-linux-gnu/libpcl_keypoints.so  
[2.555s] -- looking for PCL_TRACKING
[2.559s] -- Found PCL_TRACKING: /usr/lib/x86_64-linux-gnu/libpcl_tracking.so  
[2.560s] -- looking for PCL_RECOGNITION
[2.564s] -- Found PCL_RECOGNITION: /usr/lib/x86_64-linux-gnu/libpcl_recognition.so  
[2.565s] -- looking for PCL_STEREO
[2.569s] -- Found PCL_STEREO: /usr/lib/x86_64-linux-gnu/libpcl_stereo.so  
[2.569s] -- looking for PCL_APPS
[2.573s] -- Found PCL_APPS: /usr/lib/x86_64-linux-gnu/libpcl_apps.so  
[2.574s] -- looking for PCL_IN_HAND_SCANNER
[2.575s] -- Found PCL_IN_HAND_SCANNER: /usr/include/pcl-1.12  
[2.576s] -- looking for PCL_MODELER
[2.577s] -- Found PCL_MODELER: /usr/include/pcl-1.12  
[2.577s] -- looking for PCL_POINT_CLOUD_EDITOR
[2.578s] -- Found PCL_POINT_CLOUD_EDITOR: /usr/include/pcl-1.12  
[2.578s] -- looking for PCL_OUTOFCORE
[2.583s] -- Found PCL_OUTOFCORE: /usr/lib/x86_64-linux-gnu/libpcl_outofcore.so  
[2.583s] -- looking for PCL_PEOPLE
[2.588s] -- Found PCL_PEOPLE: /usr/lib/x86_64-linux-gnu/libpcl_people.so  
[2.590s] -- Found PCL: pcl_common;pcl_kdtree;pcl_octree;pcl_search;pcl_sample_consensus;pcl_filters;pcl_io;pcl_features;pcl_ml;pcl_segmentation;pcl_visualization;pcl_surface;pcl_registration;pcl_keypoints;pcl_tracking;pcl_recognition;pcl_stereo;pcl_apps;pcl_outofcore;pcl_people;Boost::system;Boost::filesystem;Boost::date_time;Boost::iostreams;Boost::serialization;/usr/lib/libOpenNI.so;libusb::libusb;/usr/lib/x86_64-linux-gnu/libOpenNI2.so;libusb::libusb;VTK::ChartsCore;VTK::CommonColor;VTK::CommonComputationalGeometry;VTK::CommonCore;VTK::CommonDataModel;VTK::CommonExecutionModel;VTK::CommonMath;VTK::CommonMisc;VTK::CommonTransforms;VTK::FiltersCore;VTK::FiltersExtraction;VTK::FiltersGeneral;VTK::FiltersGeometry;VTK::FiltersModeling;VTK::FiltersSources;VTK::ImagingCore;VTK::ImagingSources;VTK::InteractionImage;VTK::InteractionStyle;VTK::InteractionWidgets;VTK::IOCore;VTK::IOGeometry;VTK::IOImage;VTK::IOLegacy;VTK::IOPLY;VTK::RenderingAnnotation;VTK::RenderingCore;VTK::RenderingContext2D;VTK::RenderingLOD;VTK::RenderingFreeType;VTK::ViewsCore;VTK::ViewsContext2D;VTK::RenderingOpenGL2;VTK::GUISupportQt;FLANN::FLANN;QHULL::QHULL  
[2.594s] -- Found pcl_conversions: 2.4.5 (/opt/ros/humble/share/pcl_conversions/cmake)
[2.660s] -- Found visualization_msgs: 4.2.4 (/opt/ros/humble/share/visualization_msgs/cmake)
[2.711s] -- Found tf2: 0.25.12 (/opt/ros/humble/share/tf2/cmake)
[2.717s] -- Found tf2_ros: 0.25.12 (/opt/ros/humble/share/tf2_ros/cmake)
[2.884s] -- Found tf2_geometry_msgs: 0.25.8 (/opt/ros/humble/share/tf2_geometry_msgs/cmake)
[2.900s] -- Found eigen3_cmake_module: 0.1.1 (/opt/ros/humble/share/eigen3_cmake_module/cmake)
[2.902s] -- Found Eigen3: TRUE (found version "3.4.0") 
[2.902s] -- Ensuring Eigen3 include directory is part of orocos-kdl CMake target
[2.906s] -- Found radar_station_interface: 0.0.0 (/home/spaaaaace/Code/mid70/2025_radar_station/install/radar_station_interface/share/radar_station_interface/cmake)
[2.923s] -- Found ament_lint_auto: 0.12.11 (/opt/ros/humble/share/ament_lint_auto/cmake)
[3.034s] -- Added test 'cppcheck' to perform static code analysis on C / C++ code
[3.035s] -- Configured cppcheck include dirs: 
[3.035s] -- Configured cppcheck exclude dirs and/or files: 
[3.035s] -- Added test 'flake8' to check Python code syntax and style conventions
[3.036s] -- Added test 'lint_cmake' to check CMake code style
[3.036s] -- Added test 'pep257' to check Python code against some of the docstring style conventions in PEP 257
[3.037s] -- Added test 'uncrustify' to check C / C++ code style
[3.037s] -- Configured uncrustify additional arguments: 
[3.037s] -- Added test 'xmllint' to check XML markup files
[3.038s] -- Configuring done (3.0s)
[3.074s] [33mCMake Warning at CMakeLists.txt:59 (add_executable):
[3.074s]   Cannot generate a safe runtime search path for target radar_station because
[3.074s]   files in some directories may conflict with libraries in implicit
[3.074s]   directories:
[3.074s] 
[3.074s]     runtime library [libz.so.1] in /usr/lib/x86_64-linux-gnu may be hidden by files in:
[3.074s]       /home/spaaaaace/anaconda3/envs/vision/lib
[3.074s] 
[3.074s]   Some of these libraries may not be found correctly.
[3.074s] 
[3.074s] [0m
[3.076s] -- Generating done (0.0s)
[3.079s] -- Build files have been written to: /home/spaaaaace/Code/mid70/2025_radar_station/build/radar_station
