[  2%] [34m[1mGenerating C code for ROS interfaces[0m
[  5%] [34m[1mGenerating C++ code for ROS interfaces[0m
[  5%] Built target ament_cmake_python_copy_radar_station_interface
running egg_info
creating radar_station_interface.egg-info
[  5%] Built target radar_station_interface__cpp
[  7%] [34m[1mGenerating C++ type support dispatch for ROS interfaces[0m
[ 10%] [34m[1mGenerating C++ type support for eProsima Fast-RTPS[0m
[ 12%] [34m[1mGenerating C++ introspection for ROS interfaces[0m
writing radar_station_interface.egg-info/PKG-INFO
writing dependency_links to radar_station_interface.egg-info/dependency_links.txt
writing top-level names to radar_station_interface.egg-info/top_level.txt
writing manifest file 'radar_station_interface.egg-info/SOURCES.txt'
reading manifest file 'radar_station_interface.egg-info/SOURCES.txt'
writing manifest file 'radar_station_interface.egg-info/SOURCES.txt'
[ 12%] Built target ament_cmake_python_build_radar_station_interface_egg
[ 15%] [32mBuilding C object CMakeFiles/radar_station_interface__rosidl_generator_c.dir/rosidl_generator_c/radar_station_interface/msg/detail/robot_position_array__functions.c.o[0m
[ 17%] [32mBuilding C object CMakeFiles/radar_station_interface__rosidl_generator_c.dir/rosidl_generator_c/radar_station_interface/msg/detail/robot_position__functions.c.o[0m
[ 20%] [32m[1mLinking C shared library libradar_station_interface__rosidl_generator_c.so[0m
[ 20%] Built target radar_station_interface__rosidl_generator_c
[ 23%] [32mBuilding CXX object CMakeFiles/radar_station_interface__rosidl_typesupport_cpp.dir/rosidl_typesupport_cpp/radar_station_interface/msg/robot_position__type_support.cpp.o[0m
[ 28%] [32mBuilding CXX object CMakeFiles/radar_station_interface__rosidl_typesupport_cpp.dir/rosidl_typesupport_cpp/radar_station_interface/msg/robot_position_array__type_support.cpp.o[0m
[ 28%] [34m[1mGenerating C introspection for ROS interfaces[0m
[ 30%] [34m[1mGenerating C type support dispatch for ROS interfaces[0m
[ 33%] [34m[1mGenerating C type support for eProsima Fast-RTPS[0m
[ 35%] [32mBuilding CXX object CMakeFiles/radar_station_interface__rosidl_typesupport_introspection_cpp.dir/rosidl_typesupport_introspection_cpp/radar_station_interface/msg/detail/robot_position__type_support.cpp.o[0m
[ 38%] [32mBuilding CXX object CMakeFiles/radar_station_interface__rosidl_typesupport_introspection_cpp.dir/rosidl_typesupport_introspection_cpp/radar_station_interface/msg/detail/robot_position_array__type_support.cpp.o[0m
[ 41%] [32mBuilding CXX object CMakeFiles/radar_station_interface__rosidl_typesupport_fastrtps_cpp.dir/rosidl_typesupport_fastrtps_cpp/radar_station_interface/msg/detail/dds_fastrtps/robot_position__type_support.cpp.o[0m
[ 43%] [32mBuilding CXX object CMakeFiles/radar_station_interface__rosidl_typesupport_fastrtps_cpp.dir/rosidl_typesupport_fastrtps_cpp/radar_station_interface/msg/detail/dds_fastrtps/robot_position_array__type_support.cpp.o[0m
[ 46%] [32mBuilding C object CMakeFiles/radar_station_interface__rosidl_typesupport_introspection_c.dir/rosidl_typesupport_introspection_c/radar_station_interface/msg/detail/robot_position__type_support.c.o[0m
[ 48%] [32mBuilding C object CMakeFiles/radar_station_interface__rosidl_typesupport_introspection_c.dir/rosidl_typesupport_introspection_c/radar_station_interface/msg/detail/robot_position_array__type_support.c.o[0m
[ 51%] [32m[1mLinking C shared library libradar_station_interface__rosidl_typesupport_introspection_c.so[0m
[ 51%] Built target radar_station_interface__rosidl_typesupport_introspection_c
[ 53%] [32m[1mLinking CXX shared library libradar_station_interface__rosidl_typesupport_cpp.so[0m
[ 56%] [32mBuilding CXX object CMakeFiles/radar_station_interface__rosidl_typesupport_fastrtps_c.dir/rosidl_typesupport_fastrtps_c/radar_station_interface/msg/detail/robot_position__type_support_c.cpp.o[0m
[ 58%] [32mBuilding CXX object CMakeFiles/radar_station_interface__rosidl_typesupport_fastrtps_c.dir/rosidl_typesupport_fastrtps_c/radar_station_interface/msg/detail/robot_position_array__type_support_c.cpp.o[0m
[ 58%] Built target radar_station_interface__rosidl_typesupport_cpp
[ 61%] [32mBuilding CXX object CMakeFiles/radar_station_interface__rosidl_typesupport_c.dir/rosidl_typesupport_c/radar_station_interface/msg/robot_position__type_support.cpp.o[0m
[ 64%] [32mBuilding CXX object CMakeFiles/radar_station_interface__rosidl_typesupport_c.dir/rosidl_typesupport_c/radar_station_interface/msg/robot_position_array__type_support.cpp.o[0m
[ 66%] [32m[1mLinking CXX shared library libradar_station_interface__rosidl_typesupport_c.so[0m
[ 66%] Built target radar_station_interface__rosidl_typesupport_c
[ 69%] [32m[1mLinking CXX shared library libradar_station_interface__rosidl_typesupport_introspection_cpp.so[0m
[ 71%] [32m[1mLinking CXX shared library libradar_station_interface__rosidl_typesupport_fastrtps_cpp.so[0m
[ 71%] Built target radar_station_interface__rosidl_typesupport_introspection_cpp
[ 71%] Built target radar_station_interface__rosidl_typesupport_fastrtps_cpp
[ 74%] [32m[1mLinking CXX shared library libradar_station_interface__rosidl_typesupport_fastrtps_c.so[0m
[ 74%] Built target radar_station_interface__rosidl_typesupport_fastrtps_c
[ 74%] Built target radar_station_interface
[ 76%] [34m[1mGenerating Python code for ROS interfaces[0m
[ 76%] Built target radar_station_interface__py
[ 79%] [32mBuilding C object CMakeFiles/radar_station_interface__rosidl_generator_py.dir/rosidl_generator_py/radar_station_interface/msg/_robot_position_s.c.o[0m
[ 82%] [32mBuilding C object CMakeFiles/radar_station_interface__rosidl_generator_py.dir/rosidl_generator_py/radar_station_interface/msg/_robot_position_array_s.c.o[0m
[ 84%] [32m[1mLinking C shared library rosidl_generator_py/radar_station_interface/libradar_station_interface__rosidl_generator_py.so[0m
[ 84%] Built target radar_station_interface__rosidl_generator_py
[ 87%] [32mBuilding C object CMakeFiles/radar_station_interface__rosidl_typesupport_introspection_c__pyext.dir/rosidl_generator_py/radar_station_interface/_radar_station_interface_s.ep.rosidl_typesupport_introspection_c.c.o[0m
[ 89%] [32mBuilding C object CMakeFiles/radar_station_interface__rosidl_typesupport_c__pyext.dir/rosidl_generator_py/radar_station_interface/_radar_station_interface_s.ep.rosidl_typesupport_c.c.o[0m
[ 92%] [32mBuilding C object CMakeFiles/radar_station_interface__rosidl_typesupport_fastrtps_c__pyext.dir/rosidl_generator_py/radar_station_interface/_radar_station_interface_s.ep.rosidl_typesupport_fastrtps_c.c.o[0m
[ 94%] [32m[1mLinking C shared library rosidl_generator_py/radar_station_interface/radar_station_interface_s__rosidl_typesupport_introspection_c.cpython-38-x86_64-linux-gnu.so[0m
[ 97%] [32m[1mLinking C shared library rosidl_generator_py/radar_station_interface/radar_station_interface_s__rosidl_typesupport_fastrtps_c.cpython-38-x86_64-linux-gnu.so[0m
[ 97%] Built target radar_station_interface__rosidl_typesupport_introspection_c__pyext
[ 97%] Built target radar_station_interface__rosidl_typesupport_fastrtps_c__pyext
[100%] [32m[1mLinking C shared library rosidl_generator_py/radar_station_interface/radar_station_interface_s__rosidl_typesupport_c.cpython-38-x86_64-linux-gnu.so[0m
[100%] Built target radar_station_interface__rosidl_typesupport_c__pyext
