[0.023s] Invoking command in '/home/spaaaaace/Code/mid70/2025_radar_station/build/radar_station_interface': CMAKE_PREFIX_PATH=${CMAKE_PREFIX_PATH}:/opt/ros/humble CONDA_PROMPT_MODIFIER=(vision) /usr/local/bin/cmake --build /home/spaaaaace/Code/mid70/2025_radar_station/build/radar_station_interface -- -j22 -l22
[0.039s] [  2%] [34m[1mGenerating C code for ROS interfaces[0m
[0.040s] [  5%] [34m[1mGenerating C++ code for ROS interfaces[0m
[0.040s] [  5%] Built target ament_cmake_python_copy_radar_station_interface
[0.265s] running egg_info
[0.266s] creating radar_station_interface.egg-info
[0.270s] [  5%] Built target radar_station_interface__cpp
[0.273s] [  7%] [34m[1mGenerating C++ type support dispatch for ROS interfaces[0m
[0.273s] [ 10%] [34m[1mGenerating C++ type support for eProsima Fast-RTPS[0m
[0.274s] [ 12%] [34m[1mGenerating C++ introspection for ROS interfaces[0m
[0.274s] writing radar_station_interface.egg-info/PKG-INFO
[0.275s] writing dependency_links to radar_station_interface.egg-info/dependency_links.txt
[0.275s] writing top-level names to radar_station_interface.egg-info/top_level.txt
[0.275s] writing manifest file 'radar_station_interface.egg-info/SOURCES.txt'
[0.301s] reading manifest file 'radar_station_interface.egg-info/SOURCES.txt'
[0.302s] writing manifest file 'radar_station_interface.egg-info/SOURCES.txt'
[0.321s] [ 12%] Built target ament_cmake_python_build_radar_station_interface_egg
[0.409s] [ 15%] [32mBuilding C object CMakeFiles/radar_station_interface__rosidl_generator_c.dir/rosidl_generator_c/radar_station_interface/msg/detail/robot_position_array__functions.c.o[0m
[0.409s] [ 17%] [32mBuilding C object CMakeFiles/radar_station_interface__rosidl_generator_c.dir/rosidl_generator_c/radar_station_interface/msg/detail/robot_position__functions.c.o[0m
[0.439s] [ 20%] [32m[1mLinking C shared library libradar_station_interface__rosidl_generator_c.so[0m
[0.456s] [ 20%] Built target radar_station_interface__rosidl_generator_c
[0.460s] [ 23%] [32mBuilding CXX object CMakeFiles/radar_station_interface__rosidl_typesupport_cpp.dir/rosidl_typesupport_cpp/radar_station_interface/msg/robot_position__type_support.cpp.o[0m
[0.460s] [ 28%] [32mBuilding CXX object CMakeFiles/radar_station_interface__rosidl_typesupport_cpp.dir/rosidl_typesupport_cpp/radar_station_interface/msg/robot_position_array__type_support.cpp.o[0m
[0.460s] [ 28%] [34m[1mGenerating C introspection for ROS interfaces[0m
[0.460s] [ 30%] [34m[1mGenerating C type support dispatch for ROS interfaces[0m
[0.461s] [ 33%] [34m[1mGenerating C type support for eProsima Fast-RTPS[0m
[0.480s] [ 35%] [32mBuilding CXX object CMakeFiles/radar_station_interface__rosidl_typesupport_introspection_cpp.dir/rosidl_typesupport_introspection_cpp/radar_station_interface/msg/detail/robot_position__type_support.cpp.o[0m
[0.480s] [ 38%] [32mBuilding CXX object CMakeFiles/radar_station_interface__rosidl_typesupport_introspection_cpp.dir/rosidl_typesupport_introspection_cpp/radar_station_interface/msg/detail/robot_position_array__type_support.cpp.o[0m
[0.547s] [ 41%] [32mBuilding CXX object CMakeFiles/radar_station_interface__rosidl_typesupport_fastrtps_cpp.dir/rosidl_typesupport_fastrtps_cpp/radar_station_interface/msg/detail/dds_fastrtps/robot_position__type_support.cpp.o[0m
[0.547s] [ 43%] [32mBuilding CXX object CMakeFiles/radar_station_interface__rosidl_typesupport_fastrtps_cpp.dir/rosidl_typesupport_fastrtps_cpp/radar_station_interface/msg/detail/dds_fastrtps/robot_position_array__type_support.cpp.o[0m
[0.679s] [ 46%] [32mBuilding C object CMakeFiles/radar_station_interface__rosidl_typesupport_introspection_c.dir/rosidl_typesupport_introspection_c/radar_station_interface/msg/detail/robot_position__type_support.c.o[0m
[0.680s] [ 48%] [32mBuilding C object CMakeFiles/radar_station_interface__rosidl_typesupport_introspection_c.dir/rosidl_typesupport_introspection_c/radar_station_interface/msg/detail/robot_position_array__type_support.c.o[0m
[0.708s] [ 51%] [32m[1mLinking C shared library libradar_station_interface__rosidl_typesupport_introspection_c.so[0m
[0.730s] [ 51%] Built target radar_station_interface__rosidl_typesupport_introspection_c
[0.763s] [ 53%] [32m[1mLinking CXX shared library libradar_station_interface__rosidl_typesupport_cpp.so[0m
[0.786s] [ 56%] [32mBuilding CXX object CMakeFiles/radar_station_interface__rosidl_typesupport_fastrtps_c.dir/rosidl_typesupport_fastrtps_c/radar_station_interface/msg/detail/robot_position__type_support_c.cpp.o[0m
[0.790s] [ 58%] [32mBuilding CXX object CMakeFiles/radar_station_interface__rosidl_typesupport_fastrtps_c.dir/rosidl_typesupport_fastrtps_c/radar_station_interface/msg/detail/robot_position_array__type_support_c.cpp.o[0m
[0.794s] [ 58%] Built target radar_station_interface__rosidl_typesupport_cpp
[0.829s] [ 61%] [32mBuilding CXX object CMakeFiles/radar_station_interface__rosidl_typesupport_c.dir/rosidl_typesupport_c/radar_station_interface/msg/robot_position__type_support.cpp.o[0m
[0.829s] [ 64%] [32mBuilding CXX object CMakeFiles/radar_station_interface__rosidl_typesupport_c.dir/rosidl_typesupport_c/radar_station_interface/msg/robot_position_array__type_support.cpp.o[0m
[0.853s] [ 66%] [32m[1mLinking CXX shared library libradar_station_interface__rosidl_typesupport_c.so[0m
[0.891s] [ 66%] Built target radar_station_interface__rosidl_typesupport_c
[0.937s] [ 69%] [32m[1mLinking CXX shared library libradar_station_interface__rosidl_typesupport_introspection_cpp.so[0m
[0.951s] [ 71%] [32m[1mLinking CXX shared library libradar_station_interface__rosidl_typesupport_fastrtps_cpp.so[0m
[0.993s] [ 71%] Built target radar_station_interface__rosidl_typesupport_introspection_cpp
[1.025s] [ 71%] Built target radar_station_interface__rosidl_typesupport_fastrtps_cpp
[1.181s] [ 74%] [32m[1mLinking CXX shared library libradar_station_interface__rosidl_typesupport_fastrtps_c.so[0m
[1.260s] [ 74%] Built target radar_station_interface__rosidl_typesupport_fastrtps_c
[1.266s] [ 74%] Built target radar_station_interface
[1.272s] [ 76%] [34m[1mGenerating Python code for ROS interfaces[0m
[1.541s] [ 76%] Built target radar_station_interface__py
[1.548s] [ 79%] [32mBuilding C object CMakeFiles/radar_station_interface__rosidl_generator_py.dir/rosidl_generator_py/radar_station_interface/msg/_robot_position_s.c.o[0m
[1.548s] [ 82%] [32mBuilding C object CMakeFiles/radar_station_interface__rosidl_generator_py.dir/rosidl_generator_py/radar_station_interface/msg/_robot_position_array_s.c.o[0m
[1.615s] [ 84%] [32m[1mLinking C shared library rosidl_generator_py/radar_station_interface/libradar_station_interface__rosidl_generator_py.so[0m
[1.636s] [ 84%] Built target radar_station_interface__rosidl_generator_py
[1.641s] [ 87%] [32mBuilding C object CMakeFiles/radar_station_interface__rosidl_typesupport_introspection_c__pyext.dir/rosidl_generator_py/radar_station_interface/_radar_station_interface_s.ep.rosidl_typesupport_introspection_c.c.o[0m
[1.644s] [ 89%] [32mBuilding C object CMakeFiles/radar_station_interface__rosidl_typesupport_c__pyext.dir/rosidl_generator_py/radar_station_interface/_radar_station_interface_s.ep.rosidl_typesupport_c.c.o[0m
[1.644s] [ 92%] [32mBuilding C object CMakeFiles/radar_station_interface__rosidl_typesupport_fastrtps_c__pyext.dir/rosidl_generator_py/radar_station_interface/_radar_station_interface_s.ep.rosidl_typesupport_fastrtps_c.c.o[0m
[1.694s] [ 94%] [32m[1mLinking C shared library rosidl_generator_py/radar_station_interface/radar_station_interface_s__rosidl_typesupport_introspection_c.cpython-38-x86_64-linux-gnu.so[0m
[1.696s] [ 97%] [32m[1mLinking C shared library rosidl_generator_py/radar_station_interface/radar_station_interface_s__rosidl_typesupport_fastrtps_c.cpython-38-x86_64-linux-gnu.so[0m
[1.710s] [ 97%] Built target radar_station_interface__rosidl_typesupport_introspection_c__pyext
[1.719s] [ 97%] Built target radar_station_interface__rosidl_typesupport_fastrtps_c__pyext
[1.731s] [100%] [32m[1mLinking C shared library rosidl_generator_py/radar_station_interface/radar_station_interface_s__rosidl_typesupport_c.cpython-38-x86_64-linux-gnu.so[0m
[1.754s] [100%] Built target radar_station_interface__rosidl_typesupport_c__pyext
