[0.018s] Invoking command in '/home/spaaaaace/Code/mid70/2025_radar_station/build/radar_station_bringup': CMAKE_PREFIX_PATH=${CMAKE_PREFIX_PATH}:/opt/ros/humble CONDA_PROMPT_MODIFIER=(vision) /usr/local/bin/cmake --build /home/spaaaaace/Code/mid70/2025_radar_station/build/radar_station_bringup -- -j22 -l22
[0.032s] Invoked command in '/home/spaaaaace/Code/mid70/2025_radar_station/build/radar_station_bringup' returned '0': CMAKE_PREFIX_PATH=${CMAKE_PREFIX_PATH}:/opt/ros/humble CONDA_PROMPT_MODIFIER=(vision) /usr/local/bin/cmake --build /home/spaaaaace/Code/mid70/2025_radar_station/build/radar_station_bringup -- -j22 -l22
[0.045s] Invoking command in '/home/spaaaaace/Code/mid70/2025_radar_station/build/radar_station_bringup': CMAKE_PREFIX_PATH=${CMAKE_PREFIX_PATH}:/opt/ros/humble CONDA_PROMPT_MODIFIER=(vision) /usr/local/bin/cmake --install /home/spaaaaace/Code/mid70/2025_radar_station/build/radar_station_bringup
[0.051s] -- Install configuration: ""
[0.051s] -- Up-to-date: /home/spaaaaace/Code/mid70/2025_radar_station/install/radar_station_bringup/share/radar_station_bringup/launch
[0.052s] -- Up-to-date: /home/spaaaaace/Code/mid70/2025_radar_station/install/radar_station_bringup/share/radar_station_bringup/launch/lc_radar_ststion_startup.launch.py
[0.052s] -- Up-to-date: /home/spaaaaace/Code/mid70/2025_radar_station/install/radar_station_bringup/share/ament_index/resource_index/package_run_dependencies/radar_station_bringup
[0.052s] -- Up-to-date: /home/spaaaaace/Code/mid70/2025_radar_station/install/radar_station_bringup/share/ament_index/resource_index/parent_prefix_path/radar_station_bringup
[0.052s] -- Up-to-date: /home/spaaaaace/Code/mid70/2025_radar_station/install/radar_station_bringup/share/radar_station_bringup/environment/ament_prefix_path.sh
[0.052s] -- Up-to-date: /home/spaaaaace/Code/mid70/2025_radar_station/install/radar_station_bringup/share/radar_station_bringup/environment/ament_prefix_path.dsv
[0.052s] -- Up-to-date: /home/spaaaaace/Code/mid70/2025_radar_station/install/radar_station_bringup/share/radar_station_bringup/environment/path.sh
[0.052s] -- Up-to-date: /home/spaaaaace/Code/mid70/2025_radar_station/install/radar_station_bringup/share/radar_station_bringup/environment/path.dsv
[0.052s] -- Up-to-date: /home/spaaaaace/Code/mid70/2025_radar_station/install/radar_station_bringup/share/radar_station_bringup/local_setup.bash
[0.052s] -- Up-to-date: /home/spaaaaace/Code/mid70/2025_radar_station/install/radar_station_bringup/share/radar_station_bringup/local_setup.sh
[0.052s] -- Up-to-date: /home/spaaaaace/Code/mid70/2025_radar_station/install/radar_station_bringup/share/radar_station_bringup/local_setup.zsh
[0.052s] -- Up-to-date: /home/spaaaaace/Code/mid70/2025_radar_station/install/radar_station_bringup/share/radar_station_bringup/local_setup.dsv
[0.052s] -- Installing: /home/spaaaaace/Code/mid70/2025_radar_station/install/radar_station_bringup/share/radar_station_bringup/package.dsv
[0.053s] -- Up-to-date: /home/spaaaaace/Code/mid70/2025_radar_station/install/radar_station_bringup/share/ament_index/resource_index/packages/radar_station_bringup
[0.053s] -- Up-to-date: /home/spaaaaace/Code/mid70/2025_radar_station/install/radar_station_bringup/share/radar_station_bringup/cmake/radar_station_bringupConfig.cmake
[0.053s] -- Up-to-date: /home/spaaaaace/Code/mid70/2025_radar_station/install/radar_station_bringup/share/radar_station_bringup/cmake/radar_station_bringupConfig-version.cmake
[0.053s] -- Up-to-date: /home/spaaaaace/Code/mid70/2025_radar_station/install/radar_station_bringup/share/radar_station_bringup/package.xml
[0.053s] Invoked command in '/home/spaaaaace/Code/mid70/2025_radar_station/build/radar_station_bringup' returned '0': CMAKE_PREFIX_PATH=${CMAKE_PREFIX_PATH}:/opt/ros/humble CONDA_PROMPT_MODIFIER=(vision) /usr/local/bin/cmake --install /home/spaaaaace/Code/mid70/2025_radar_station/build/radar_station_bringup
