[0.022s] Invoking command in '/home/spaaaaace/Code/mid70/2025_radar_station/build/radar_station_interface': CMAKE_PREFIX_PATH=${CMAKE_PREFIX_PATH}:/opt/ros/humble CONDA_PROMPT_MODIFIER=(vision) /usr/local/bin/cmake /home/spaaaaace/Code/mid70/2025_radar_station/src/radar_station_interface -DCMAKE_INSTALL_PREFIX=/home/spaaaaace/Code/mid70/2025_radar_station/install/radar_station_interface
[0.095s] -- The C compiler identification is GNU 11.4.0
[0.156s] -- The CXX compiler identification is GNU 11.4.0
[0.162s] -- Detecting C compiler ABI info
[0.208s] -- Detecting C compiler ABI info - done
[0.216s] -- Check for working C compiler: /usr/bin/cc - skipped
[0.216s] -- Detecting C compile features
[0.217s] -- Detecting C compile features - done
[0.220s] -- Detecting CXX compiler ABI info
[0.275s] -- Detecting CXX compiler ABI info - done
[0.282s] -- Check for working CXX compiler: /usr/bin/c++ - skipped
[0.282s] -- Detecting CXX compile features
[0.282s] -- Detecting CXX compile features - done
[0.284s] -- Found ament_cmake: 1.3.11 (/opt/ros/humble/share/ament_cmake/cmake)
[0.568s] -- Found Python3: /home/spaaaaace/anaconda3/envs/vision/bin/python3 (found version "3.8.20") found components: Interpreter 
[0.650s] -- Found rosidl_default_generators: 1.2.0 (/opt/ros/humble/share/rosidl_default_generators/cmake)
[0.653s] -- Using all available rosidl_typesupport_c: rosidl_typesupport_fastrtps_c;rosidl_typesupport_introspection_c
[0.661s] -- Found rosidl_adapter: 3.1.5 (/opt/ros/humble/share/rosidl_adapter/cmake)
[0.718s] -- Using all available rosidl_typesupport_cpp: rosidl_typesupport_fastrtps_cpp;rosidl_typesupport_introspection_cpp
[0.768s] -- Found ament_lint_auto: 0.12.11 (/opt/ros/humble/share/ament_lint_auto/cmake)
[0.921s] -- Found ament_cmake_ros: 0.10.0 (/opt/ros/humble/share/ament_cmake_ros/cmake)
[0.994s] -- Using all available rosidl_typesupport_c: rosidl_typesupport_fastrtps_c;rosidl_typesupport_introspection_c
[1.075s] -- Using all available rosidl_typesupport_cpp: rosidl_typesupport_fastrtps_cpp;rosidl_typesupport_introspection_cpp
[1.090s] -- Found PythonInterp: /home/spaaaaace/anaconda3/envs/vision/bin/python3 (found suitable version "3.8.20", minimum required is "3.6") 
[1.092s] -- Found python_cmake_module: 0.10.0 (/opt/ros/humble/share/python_cmake_module/cmake)
[1.119s] -- Found PythonLibs: /home/spaaaaace/anaconda3/envs/vision/lib/libpython3.8.so (found suitable version "3.8.20", minimum required is "3.5") 
[1.119s] -- Using PYTHON_EXECUTABLE: /home/spaaaaace/anaconda3/envs/vision/bin/python3
[1.119s] -- Using PYTHON_INCLUDE_DIRS: /home/spaaaaace/anaconda3/envs/vision/include/python3.8
[1.119s] -- Using PYTHON_LIBRARIES: /home/spaaaaace/anaconda3/envs/vision/lib/libpython3.8.so
[1.138s] -- Found PythonExtra: .so  
[1.340s] -- Using numpy include directory: /home/spaaaaace/anaconda3/envs/vision/lib/python3.8/site-packages/numpy/core/include
[1.347s] -- Added test 'lint_cmake' to check CMake code style
[1.348s] -- Added test 'xmllint' to check XML markup files
[1.354s] -- Configuring done (1.3s)
[1.374s] -- Generating done (0.0s)
[1.376s] -- Build files have been written to: /home/spaaaaace/Code/mid70/2025_radar_station/build/radar_station_interface
