[0.019s] Invoking command in '/home/spaaaaace/Code/mid70/2025_radar_station/build/livox_interfaces': CMAKE_PREFIX_PATH=${CMAKE_PREFIX_PATH}:/opt/ros/humble CONDA_PROMPT_MODIFIER=(vision) /usr/local/bin/cmake /home/spaaaaace/Code/mid70/2025_radar_station/src/livox_ros2_driver/livox_interfaces -DCMAKE_INSTALL_PREFIX=/home/spaaaaace/Code/mid70/2025_radar_station/install/livox_interfaces
[0.082s] -- The C compiler identification is GNU 11.4.0
[0.133s] -- The CXX compiler identification is GNU 11.4.0
[0.143s] -- Detecting C compiler ABI info
[0.185s] -- Detecting C compiler ABI info - done
[0.198s] -- Check for working C compiler: /usr/bin/cc - skipped
[0.198s] -- Detecting C compile features
[0.198s] -- Detecting C compile features - done
[0.202s] -- Detecting CXX compiler ABI info
[0.257s] -- Detecting CXX compiler ABI info - done
[0.263s] -- Check for working CXX compiler: /usr/bin/c++ - skipped
[0.263s] -- Detecting CXX compile features
[0.263s] -- Detecting CXX compile features - done
[0.265s] -- Found ament_cmake: 1.3.11 (/opt/ros/humble/share/ament_cmake/cmake)
[0.582s] -- Found Python3: /home/spaaaaace/anaconda3/envs/vision/bin/python3 (found version "3.8.20") found components: Interpreter 
[0.647s] -- Found std_msgs: 4.2.4 (/opt/ros/humble/share/std_msgs/cmake)
[0.686s] -- Found rosidl_generator_c: 3.1.5 (/opt/ros/humble/share/rosidl_generator_c/cmake)
[0.689s] -- Found rosidl_adapter: 3.1.5 (/opt/ros/humble/share/rosidl_adapter/cmake)
[0.696s] -- Found rosidl_generator_cpp: 3.1.5 (/opt/ros/humble/share/rosidl_generator_cpp/cmake)
[0.707s] -- Using all available rosidl_typesupport_c: rosidl_typesupport_fastrtps_c;rosidl_typesupport_introspection_c
[0.719s] -- Using all available rosidl_typesupport_cpp: rosidl_typesupport_fastrtps_cpp;rosidl_typesupport_introspection_cpp
[0.762s] -- Found rosidl_default_generators: 1.2.0 (/opt/ros/humble/share/rosidl_default_generators/cmake)
[0.979s] -- Found ament_cmake_ros: 0.10.0 (/opt/ros/humble/share/ament_cmake_ros/cmake)
[1.178s] -- Using all available rosidl_typesupport_c: rosidl_typesupport_fastrtps_c;rosidl_typesupport_introspection_c
[1.277s] -- Using all available rosidl_typesupport_cpp: rosidl_typesupport_fastrtps_cpp;rosidl_typesupport_introspection_cpp
[1.295s] -- Found PythonInterp: /home/spaaaaace/anaconda3/envs/vision/bin/python3 (found suitable version "3.8.20", minimum required is "3.6") 
[1.296s] -- Found python_cmake_module: 0.10.0 (/opt/ros/humble/share/python_cmake_module/cmake)
[1.315s] -- Found PythonLibs: /home/spaaaaace/anaconda3/envs/vision/lib/libpython3.8.so (found suitable version "3.8.20", minimum required is "3.5") 
[1.315s] -- Using PYTHON_EXECUTABLE: /home/spaaaaace/anaconda3/envs/vision/bin/python3
[1.315s] -- Using PYTHON_INCLUDE_DIRS: /home/spaaaaace/anaconda3/envs/vision/include/python3.8
[1.315s] -- Using PYTHON_LIBRARIES: /home/spaaaaace/anaconda3/envs/vision/lib/libpython3.8.so
[1.332s] -- Found PythonExtra: .so  
[1.459s] -- Using numpy include directory: /home/spaaaaace/anaconda3/envs/vision/lib/python3.8/site-packages/numpy/core/include
[1.466s] -- Found ament_lint_auto: 0.12.11 (/opt/ros/humble/share/ament_lint_auto/cmake)
[1.480s] -- Added test 'copyright' to check source files copyright and LICENSE
[1.481s] -- Added test 'lint_cmake' to check CMake code style
[1.481s] -- Added test 'xmllint' to check XML markup files
[1.483s] -- Configuring done (1.5s)
[1.502s] -- Generating done (0.0s)
[1.504s] -- Build files have been written to: /home/spaaaaace/Code/mid70/2025_radar_station/build/livox_interfaces
