[  2%] Built target radar_station_interface__cpp
[ 12%] Built target radar_station_interface__rosidl_generator_c
[ 12%] Built target ament_cmake_python_copy_radar_station_interface
[ 23%] Built target radar_station_interface__rosidl_typesupport_cpp
[ 33%] Built target radar_station_interface__rosidl_typesupport_introspection_cpp
[ 53%] Built target radar_station_interface__rosidl_typesupport_introspection_c
[ 53%] Built target radar_station_interface__rosidl_typesupport_fastrtps_cpp
[ 64%] Built target radar_station_interface__rosidl_typesupport_fastrtps_c
[ 74%] Built target radar_station_interface__rosidl_typesupport_c
[ 74%] Built target radar_station_interface
[ 76%] Built target radar_station_interface__py
[ 84%] Built target radar_station_interface__rosidl_generator_py
[ 89%] Built target radar_station_interface__rosidl_typesupport_fastrtps_c__pyext
[ 94%] Built target radar_station_interface__rosidl_typesupport_c__pyext
[100%] Built target radar_station_interface__rosidl_typesupport_introspection_c__pyext
running egg_info
writing radar_station_interface.egg-info/PKG-INFO
writing dependency_links to radar_station_interface.egg-info/dependency_links.txt
writing top-level names to radar_station_interface.egg-info/top_level.txt
reading manifest file 'radar_station_interface.egg-info/SOURCES.txt'
writing manifest file 'radar_station_interface.egg-info/SOURCES.txt'
[100%] Built target ament_cmake_python_build_radar_station_interface_egg
-- Install configuration: ""
-- Installing: /home/spaaaaace/Code/mid70/2025_radar_station/install/radar_station_interface/share/ament_index/resource_index/rosidl_interfaces/radar_station_interface
-- Installing: /home/spaaaaace/Code/mid70/2025_radar_station/install/radar_station_interface/include/radar_station_interface/radar_station_interface
-- Installing: /home/spaaaaace/Code/mid70/2025_radar_station/install/radar_station_interface/include/radar_station_interface/radar_station_interface/msg
-- Installing: /home/spaaaaace/Code/mid70/2025_radar_station/install/radar_station_interface/include/radar_station_interface/radar_station_interface/msg/detail
-- Installing: /home/spaaaaace/Code/mid70/2025_radar_station/install/radar_station_interface/include/radar_station_interface/radar_station_interface/msg/detail/robot_position_array__functions.h
-- Installing: /home/spaaaaace/Code/mid70/2025_radar_station/install/radar_station_interface/include/radar_station_interface/radar_station_interface/msg/detail/robot_position__struct.h
-- Installing: /home/spaaaaace/Code/mid70/2025_radar_station/install/radar_station_interface/include/radar_station_interface/radar_station_interface/msg/detail/robot_position__type_support.h
-- Installing: /home/spaaaaace/Code/mid70/2025_radar_station/install/radar_station_interface/include/radar_station_interface/radar_station_interface/msg/detail/robot_position__functions.h
-- Installing: /home/spaaaaace/Code/mid70/2025_radar_station/install/radar_station_interface/include/radar_station_interface/radar_station_interface/msg/detail/robot_position_array__functions.c
-- Installing: /home/spaaaaace/Code/mid70/2025_radar_station/install/radar_station_interface/include/radar_station_interface/radar_station_interface/msg/detail/robot_position_array__struct.h
-- Installing: /home/spaaaaace/Code/mid70/2025_radar_station/install/radar_station_interface/include/radar_station_interface/radar_station_interface/msg/detail/robot_position_array__type_support.h
-- Installing: /home/spaaaaace/Code/mid70/2025_radar_station/install/radar_station_interface/include/radar_station_interface/radar_station_interface/msg/detail/robot_position__functions.c
-- Installing: /home/spaaaaace/Code/mid70/2025_radar_station/install/radar_station_interface/include/radar_station_interface/radar_station_interface/msg/robot_position_array.h
-- Installing: /home/spaaaaace/Code/mid70/2025_radar_station/install/radar_station_interface/include/radar_station_interface/radar_station_interface/msg/rosidl_generator_c__visibility_control.h
-- Installing: /home/spaaaaace/Code/mid70/2025_radar_station/install/radar_station_interface/include/radar_station_interface/radar_station_interface/msg/robot_position.h
-- Installing: /home/spaaaaace/Code/mid70/2025_radar_station/install/radar_station_interface/share/radar_station_interface/environment/library_path.sh
-- Installing: /home/spaaaaace/Code/mid70/2025_radar_station/install/radar_station_interface/share/radar_station_interface/environment/library_path.dsv
-- Installing: /home/spaaaaace/Code/mid70/2025_radar_station/install/radar_station_interface/lib/libradar_station_interface__rosidl_generator_c.so
-- Set runtime path of "/home/spaaaaace/Code/mid70/2025_radar_station/install/radar_station_interface/lib/libradar_station_interface__rosidl_generator_c.so" to ""
-- Up-to-date: /home/spaaaaace/Code/mid70/2025_radar_station/install/radar_station_interface/include/radar_station_interface/radar_station_interface
-- Up-to-date: /home/spaaaaace/Code/mid70/2025_radar_station/install/radar_station_interface/include/radar_station_interface/radar_station_interface/msg
-- Installing: /home/spaaaaace/Code/mid70/2025_radar_station/install/radar_station_interface/include/radar_station_interface/radar_station_interface/msg/rosidl_typesupport_fastrtps_c__visibility_control.h
-- Up-to-date: /home/spaaaaace/Code/mid70/2025_radar_station/install/radar_station_interface/include/radar_station_interface/radar_station_interface/msg/detail
-- Installing: /home/spaaaaace/Code/mid70/2025_radar_station/install/radar_station_interface/include/radar_station_interface/radar_station_interface/msg/detail/robot_position__rosidl_typesupport_fastrtps_c.h
-- Installing: /home/spaaaaace/Code/mid70/2025_radar_station/install/radar_station_interface/include/radar_station_interface/radar_station_interface/msg/detail/robot_position_array__rosidl_typesupport_fastrtps_c.h
-- Installing: /home/spaaaaace/Code/mid70/2025_radar_station/install/radar_station_interface/lib/libradar_station_interface__rosidl_typesupport_fastrtps_c.so
-- Set runtime path of "/home/spaaaaace/Code/mid70/2025_radar_station/install/radar_station_interface/lib/libradar_station_interface__rosidl_typesupport_fastrtps_c.so" to ""
-- Up-to-date: /home/spaaaaace/Code/mid70/2025_radar_station/install/radar_station_interface/include/radar_station_interface/radar_station_interface
-- Up-to-date: /home/spaaaaace/Code/mid70/2025_radar_station/install/radar_station_interface/include/radar_station_interface/radar_station_interface/msg
-- Up-to-date: /home/spaaaaace/Code/mid70/2025_radar_station/install/radar_station_interface/include/radar_station_interface/radar_station_interface/msg/detail
-- Installing: /home/spaaaaace/Code/mid70/2025_radar_station/install/radar_station_interface/include/radar_station_interface/radar_station_interface/msg/detail/robot_position_array__type_support.c
-- Installing: /home/spaaaaace/Code/mid70/2025_radar_station/install/radar_station_interface/include/radar_station_interface/radar_station_interface/msg/detail/robot_position__rosidl_typesupport_introspection_c.h
-- Installing: /home/spaaaaace/Code/mid70/2025_radar_station/install/radar_station_interface/include/radar_station_interface/radar_station_interface/msg/detail/robot_position_array__rosidl_typesupport_introspection_c.h
-- Installing: /home/spaaaaace/Code/mid70/2025_radar_station/install/radar_station_interface/include/radar_station_interface/radar_station_interface/msg/detail/robot_position__type_support.c
-- Installing: /home/spaaaaace/Code/mid70/2025_radar_station/install/radar_station_interface/include/radar_station_interface/radar_station_interface/msg/rosidl_typesupport_introspection_c__visibility_control.h
-- Installing: /home/spaaaaace/Code/mid70/2025_radar_station/install/radar_station_interface/lib/libradar_station_interface__rosidl_typesupport_introspection_c.so
-- Set runtime path of "/home/spaaaaace/Code/mid70/2025_radar_station/install/radar_station_interface/lib/libradar_station_interface__rosidl_typesupport_introspection_c.so" to ""
-- Installing: /home/spaaaaace/Code/mid70/2025_radar_station/install/radar_station_interface/lib/libradar_station_interface__rosidl_typesupport_c.so
-- Set runtime path of "/home/spaaaaace/Code/mid70/2025_radar_station/install/radar_station_interface/lib/libradar_station_interface__rosidl_typesupport_c.so" to ""
-- Up-to-date: /home/spaaaaace/Code/mid70/2025_radar_station/install/radar_station_interface/include/radar_station_interface/radar_station_interface
-- Up-to-date: /home/spaaaaace/Code/mid70/2025_radar_station/install/radar_station_interface/include/radar_station_interface/radar_station_interface/msg
-- Installing: /home/spaaaaace/Code/mid70/2025_radar_station/install/radar_station_interface/include/radar_station_interface/radar_station_interface/msg/robot_position.hpp
-- Up-to-date: /home/spaaaaace/Code/mid70/2025_radar_station/install/radar_station_interface/include/radar_station_interface/radar_station_interface/msg/detail
-- Installing: /home/spaaaaace/Code/mid70/2025_radar_station/install/radar_station_interface/include/radar_station_interface/radar_station_interface/msg/detail/robot_position__traits.hpp
-- Installing: /home/spaaaaace/Code/mid70/2025_radar_station/install/radar_station_interface/include/radar_station_interface/radar_station_interface/msg/detail/robot_position__builder.hpp
-- Installing: /home/spaaaaace/Code/mid70/2025_radar_station/install/radar_station_interface/include/radar_station_interface/radar_station_interface/msg/detail/robot_position__struct.hpp
-- Installing: /home/spaaaaace/Code/mid70/2025_radar_station/install/radar_station_interface/include/radar_station_interface/radar_station_interface/msg/detail/robot_position_array__traits.hpp
-- Installing: /home/spaaaaace/Code/mid70/2025_radar_station/install/radar_station_interface/include/radar_station_interface/radar_station_interface/msg/detail/robot_position_array__builder.hpp
-- Installing: /home/spaaaaace/Code/mid70/2025_radar_station/install/radar_station_interface/include/radar_station_interface/radar_station_interface/msg/detail/robot_position_array__struct.hpp
-- Installing: /home/spaaaaace/Code/mid70/2025_radar_station/install/radar_station_interface/include/radar_station_interface/radar_station_interface/msg/robot_position_array.hpp
-- Up-to-date: /home/spaaaaace/Code/mid70/2025_radar_station/install/radar_station_interface/include/radar_station_interface/radar_station_interface
-- Up-to-date: /home/spaaaaace/Code/mid70/2025_radar_station/install/radar_station_interface/include/radar_station_interface/radar_station_interface/msg
-- Up-to-date: /home/spaaaaace/Code/mid70/2025_radar_station/install/radar_station_interface/include/radar_station_interface/radar_station_interface/msg/detail
-- Installing: /home/spaaaaace/Code/mid70/2025_radar_station/install/radar_station_interface/include/radar_station_interface/radar_station_interface/msg/detail/robot_position_array__rosidl_typesupport_fastrtps_cpp.hpp
-- Installing: /home/spaaaaace/Code/mid70/2025_radar_station/install/radar_station_interface/include/radar_station_interface/radar_station_interface/msg/detail/robot_position__rosidl_typesupport_fastrtps_cpp.hpp
-- Installing: /home/spaaaaace/Code/mid70/2025_radar_station/install/radar_station_interface/include/radar_station_interface/radar_station_interface/msg/detail/dds_fastrtps
-- Installing: /home/spaaaaace/Code/mid70/2025_radar_station/install/radar_station_interface/include/radar_station_interface/radar_station_interface/msg/rosidl_typesupport_fastrtps_cpp__visibility_control.h
-- Installing: /home/spaaaaace/Code/mid70/2025_radar_station/install/radar_station_interface/lib/libradar_station_interface__rosidl_typesupport_fastrtps_cpp.so
-- Set runtime path of "/home/spaaaaace/Code/mid70/2025_radar_station/install/radar_station_interface/lib/libradar_station_interface__rosidl_typesupport_fastrtps_cpp.so" to ""
-- Up-to-date: /home/spaaaaace/Code/mid70/2025_radar_station/install/radar_station_interface/include/radar_station_interface/radar_station_interface
-- Up-to-date: /home/spaaaaace/Code/mid70/2025_radar_station/install/radar_station_interface/include/radar_station_interface/radar_station_interface/msg
-- Up-to-date: /home/spaaaaace/Code/mid70/2025_radar_station/install/radar_station_interface/include/radar_station_interface/radar_station_interface/msg/detail
-- Installing: /home/spaaaaace/Code/mid70/2025_radar_station/install/radar_station_interface/include/radar_station_interface/radar_station_interface/msg/detail/robot_position__type_support.cpp
-- Installing: /home/spaaaaace/Code/mid70/2025_radar_station/install/radar_station_interface/include/radar_station_interface/radar_station_interface/msg/detail/robot_position__rosidl_typesupport_introspection_cpp.hpp
-- Installing: /home/spaaaaace/Code/mid70/2025_radar_station/install/radar_station_interface/include/radar_station_interface/radar_station_interface/msg/detail/robot_position_array__type_support.cpp
-- Installing: /home/spaaaaace/Code/mid70/2025_radar_station/install/radar_station_interface/include/radar_station_interface/radar_station_interface/msg/detail/robot_position_array__rosidl_typesupport_introspection_cpp.hpp
-- Installing: /home/spaaaaace/Code/mid70/2025_radar_station/install/radar_station_interface/lib/libradar_station_interface__rosidl_typesupport_introspection_cpp.so
-- Set runtime path of "/home/spaaaaace/Code/mid70/2025_radar_station/install/radar_station_interface/lib/libradar_station_interface__rosidl_typesupport_introspection_cpp.so" to ""
-- Installing: /home/spaaaaace/Code/mid70/2025_radar_station/install/radar_station_interface/lib/libradar_station_interface__rosidl_typesupport_cpp.so
-- Set runtime path of "/home/spaaaaace/Code/mid70/2025_radar_station/install/radar_station_interface/lib/libradar_station_interface__rosidl_typesupport_cpp.so" to ""
-- Installing: /home/spaaaaace/Code/mid70/2025_radar_station/install/radar_station_interface/share/radar_station_interface/environment/pythonpath.sh
-- Installing: /home/spaaaaace/Code/mid70/2025_radar_station/install/radar_station_interface/share/radar_station_interface/environment/pythonpath.dsv
-- Installing: /home/spaaaaace/Code/mid70/2025_radar_station/install/radar_station_interface/lib/python3.8/site-packages/radar_station_interface-0.0.0-py3.8.egg-info
-- Installing: /home/spaaaaace/Code/mid70/2025_radar_station/install/radar_station_interface/lib/python3.8/site-packages/radar_station_interface-0.0.0-py3.8.egg-info/dependency_links.txt
-- Installing: /home/spaaaaace/Code/mid70/2025_radar_station/install/radar_station_interface/lib/python3.8/site-packages/radar_station_interface-0.0.0-py3.8.egg-info/SOURCES.txt
-- Installing: /home/spaaaaace/Code/mid70/2025_radar_station/install/radar_station_interface/lib/python3.8/site-packages/radar_station_interface-0.0.0-py3.8.egg-info/PKG-INFO
-- Installing: /home/spaaaaace/Code/mid70/2025_radar_station/install/radar_station_interface/lib/python3.8/site-packages/radar_station_interface-0.0.0-py3.8.egg-info/top_level.txt
-- Installing: /home/spaaaaace/Code/mid70/2025_radar_station/install/radar_station_interface/lib/python3.8/site-packages/radar_station_interface
-- Installing: /home/spaaaaace/Code/mid70/2025_radar_station/install/radar_station_interface/lib/python3.8/site-packages/radar_station_interface/_radar_station_interface_s.ep.rosidl_typesupport_introspection_c.c
-- Installing: /home/spaaaaace/Code/mid70/2025_radar_station/install/radar_station_interface/lib/python3.8/site-packages/radar_station_interface/radar_station_interface_s__rosidl_typesupport_introspection_c.cpython-38-x86_64-linux-gnu.so
-- Installing: /home/spaaaaace/Code/mid70/2025_radar_station/install/radar_station_interface/lib/python3.8/site-packages/radar_station_interface/msg
-- Installing: /home/spaaaaace/Code/mid70/2025_radar_station/install/radar_station_interface/lib/python3.8/site-packages/radar_station_interface/msg/_robot_position.py
-- Installing: /home/spaaaaace/Code/mid70/2025_radar_station/install/radar_station_interface/lib/python3.8/site-packages/radar_station_interface/msg/_robot_position_array.py
-- Installing: /home/spaaaaace/Code/mid70/2025_radar_station/install/radar_station_interface/lib/python3.8/site-packages/radar_station_interface/msg/_robot_position_s.c
-- Installing: /home/spaaaaace/Code/mid70/2025_radar_station/install/radar_station_interface/lib/python3.8/site-packages/radar_station_interface/msg/_robot_position_array_s.c
-- Installing: /home/spaaaaace/Code/mid70/2025_radar_station/install/radar_station_interface/lib/python3.8/site-packages/radar_station_interface/msg/__init__.py
-- Installing: /home/spaaaaace/Code/mid70/2025_radar_station/install/radar_station_interface/lib/python3.8/site-packages/radar_station_interface/_radar_station_interface_s.ep.rosidl_typesupport_fastrtps_c.c
-- Installing: /home/spaaaaace/Code/mid70/2025_radar_station/install/radar_station_interface/lib/python3.8/site-packages/radar_station_interface/libradar_station_interface__rosidl_generator_py.so
-- Installing: /home/spaaaaace/Code/mid70/2025_radar_station/install/radar_station_interface/lib/python3.8/site-packages/radar_station_interface/radar_station_interface_s__rosidl_typesupport_fastrtps_c.cpython-38-x86_64-linux-gnu.so
-- Installing: /home/spaaaaace/Code/mid70/2025_radar_station/install/radar_station_interface/lib/python3.8/site-packages/radar_station_interface/_radar_station_interface_s.ep.rosidl_typesupport_c.c
-- Installing: /home/spaaaaace/Code/mid70/2025_radar_station/install/radar_station_interface/lib/python3.8/site-packages/radar_station_interface/radar_station_interface_s__rosidl_typesupport_c.cpython-38-x86_64-linux-gnu.so
-- Installing: /home/spaaaaace/Code/mid70/2025_radar_station/install/radar_station_interface/lib/python3.8/site-packages/radar_station_interface/__init__.py
Listing '/home/spaaaaace/Code/mid70/2025_radar_station/install/radar_station_interface/lib/python3.8/site-packages/radar_station_interface'...
Compiling '/home/spaaaaace/Code/mid70/2025_radar_station/install/radar_station_interface/lib/python3.8/site-packages/radar_station_interface/__init__.py'...
Listing '/home/spaaaaace/Code/mid70/2025_radar_station/install/radar_station_interface/lib/python3.8/site-packages/radar_station_interface/msg'...
Compiling '/home/spaaaaace/Code/mid70/2025_radar_station/install/radar_station_interface/lib/python3.8/site-packages/radar_station_interface/msg/__init__.py'...
Compiling '/home/spaaaaace/Code/mid70/2025_radar_station/install/radar_station_interface/lib/python3.8/site-packages/radar_station_interface/msg/_robot_position.py'...
Compiling '/home/spaaaaace/Code/mid70/2025_radar_station/install/radar_station_interface/lib/python3.8/site-packages/radar_station_interface/msg/_robot_position_array.py'...
-- Installing: /home/spaaaaace/Code/mid70/2025_radar_station/install/radar_station_interface/lib/python3.8/site-packages/radar_station_interface/radar_station_interface_s__rosidl_typesupport_fastrtps_c.cpython-38-x86_64-linux-gnu.so
-- Set runtime path of "/home/spaaaaace/Code/mid70/2025_radar_station/install/radar_station_interface/lib/python3.8/site-packages/radar_station_interface/radar_station_interface_s__rosidl_typesupport_fastrtps_c.cpython-38-x86_64-linux-gnu.so" to ""
-- Installing: /home/spaaaaace/Code/mid70/2025_radar_station/install/radar_station_interface/lib/python3.8/site-packages/radar_station_interface/radar_station_interface_s__rosidl_typesupport_introspection_c.cpython-38-x86_64-linux-gnu.so
-- Set runtime path of "/home/spaaaaace/Code/mid70/2025_radar_station/install/radar_station_interface/lib/python3.8/site-packages/radar_station_interface/radar_station_interface_s__rosidl_typesupport_introspection_c.cpython-38-x86_64-linux-gnu.so" to ""
-- Installing: /home/spaaaaace/Code/mid70/2025_radar_station/install/radar_station_interface/lib/python3.8/site-packages/radar_station_interface/radar_station_interface_s__rosidl_typesupport_c.cpython-38-x86_64-linux-gnu.so
-- Set runtime path of "/home/spaaaaace/Code/mid70/2025_radar_station/install/radar_station_interface/lib/python3.8/site-packages/radar_station_interface/radar_station_interface_s__rosidl_typesupport_c.cpython-38-x86_64-linux-gnu.so" to ""
-- Installing: /home/spaaaaace/Code/mid70/2025_radar_station/install/radar_station_interface/lib/libradar_station_interface__rosidl_generator_py.so
-- Set runtime path of "/home/spaaaaace/Code/mid70/2025_radar_station/install/radar_station_interface/lib/libradar_station_interface__rosidl_generator_py.so" to ""
-- Installing: /home/spaaaaace/Code/mid70/2025_radar_station/install/radar_station_interface/share/radar_station_interface/msg/RobotPosition.idl
-- Installing: /home/spaaaaace/Code/mid70/2025_radar_station/install/radar_station_interface/share/radar_station_interface/msg/RobotPositionArray.idl
-- Installing: /home/spaaaaace/Code/mid70/2025_radar_station/install/radar_station_interface/share/radar_station_interface/msg/RobotPosition.msg
-- Installing: /home/spaaaaace/Code/mid70/2025_radar_station/install/radar_station_interface/share/radar_station_interface/msg/RobotPositionArray.msg
-- Installing: /home/spaaaaace/Code/mid70/2025_radar_station/install/radar_station_interface/share/ament_index/resource_index/package_run_dependencies/radar_station_interface
-- Installing: /home/spaaaaace/Code/mid70/2025_radar_station/install/radar_station_interface/share/ament_index/resource_index/parent_prefix_path/radar_station_interface
-- Installing: /home/spaaaaace/Code/mid70/2025_radar_station/install/radar_station_interface/share/radar_station_interface/environment/ament_prefix_path.sh
-- Installing: /home/spaaaaace/Code/mid70/2025_radar_station/install/radar_station_interface/share/radar_station_interface/environment/ament_prefix_path.dsv
-- Installing: /home/spaaaaace/Code/mid70/2025_radar_station/install/radar_station_interface/share/radar_station_interface/environment/path.sh
-- Installing: /home/spaaaaace/Code/mid70/2025_radar_station/install/radar_station_interface/share/radar_station_interface/environment/path.dsv
-- Installing: /home/spaaaaace/Code/mid70/2025_radar_station/install/radar_station_interface/share/radar_station_interface/local_setup.bash
-- Installing: /home/spaaaaace/Code/mid70/2025_radar_station/install/radar_station_interface/share/radar_station_interface/local_setup.sh
-- Installing: /home/spaaaaace/Code/mid70/2025_radar_station/install/radar_station_interface/share/radar_station_interface/local_setup.zsh
-- Installing: /home/spaaaaace/Code/mid70/2025_radar_station/install/radar_station_interface/share/radar_station_interface/local_setup.dsv
-- Installing: /home/spaaaaace/Code/mid70/2025_radar_station/install/radar_station_interface/share/radar_station_interface/package.dsv
-- Installing: /home/spaaaaace/Code/mid70/2025_radar_station/install/radar_station_interface/share/ament_index/resource_index/packages/radar_station_interface
-- Installing: /home/spaaaaace/Code/mid70/2025_radar_station/install/radar_station_interface/share/radar_station_interface/cmake/export_radar_station_interface__rosidl_generator_cExport.cmake
-- Installing: /home/spaaaaace/Code/mid70/2025_radar_station/install/radar_station_interface/share/radar_station_interface/cmake/export_radar_station_interface__rosidl_generator_cExport-noconfig.cmake
-- Installing: /home/spaaaaace/Code/mid70/2025_radar_station/install/radar_station_interface/share/radar_station_interface/cmake/export_radar_station_interface__rosidl_typesupport_fastrtps_cExport.cmake
-- Installing: /home/spaaaaace/Code/mid70/2025_radar_station/install/radar_station_interface/share/radar_station_interface/cmake/export_radar_station_interface__rosidl_typesupport_fastrtps_cExport-noconfig.cmake
-- Installing: /home/spaaaaace/Code/mid70/2025_radar_station/install/radar_station_interface/share/radar_station_interface/cmake/radar_station_interface__rosidl_typesupport_introspection_cExport.cmake
-- Installing: /home/spaaaaace/Code/mid70/2025_radar_station/install/radar_station_interface/share/radar_station_interface/cmake/radar_station_interface__rosidl_typesupport_introspection_cExport-noconfig.cmake
-- Installing: /home/spaaaaace/Code/mid70/2025_radar_station/install/radar_station_interface/share/radar_station_interface/cmake/radar_station_interface__rosidl_typesupport_cExport.cmake
-- Installing: /home/spaaaaace/Code/mid70/2025_radar_station/install/radar_station_interface/share/radar_station_interface/cmake/radar_station_interface__rosidl_typesupport_cExport-noconfig.cmake
-- Installing: /home/spaaaaace/Code/mid70/2025_radar_station/install/radar_station_interface/share/radar_station_interface/cmake/export_radar_station_interface__rosidl_generator_cppExport.cmake
-- Installing: /home/spaaaaace/Code/mid70/2025_radar_station/install/radar_station_interface/share/radar_station_interface/cmake/export_radar_station_interface__rosidl_typesupport_fastrtps_cppExport.cmake
-- Installing: /home/spaaaaace/Code/mid70/2025_radar_station/install/radar_station_interface/share/radar_station_interface/cmake/export_radar_station_interface__rosidl_typesupport_fastrtps_cppExport-noconfig.cmake
-- Installing: /home/spaaaaace/Code/mid70/2025_radar_station/install/radar_station_interface/share/radar_station_interface/cmake/radar_station_interface__rosidl_typesupport_introspection_cppExport.cmake
-- Installing: /home/spaaaaace/Code/mid70/2025_radar_station/install/radar_station_interface/share/radar_station_interface/cmake/radar_station_interface__rosidl_typesupport_introspection_cppExport-noconfig.cmake
-- Installing: /home/spaaaaace/Code/mid70/2025_radar_station/install/radar_station_interface/share/radar_station_interface/cmake/radar_station_interface__rosidl_typesupport_cppExport.cmake
-- Installing: /home/spaaaaace/Code/mid70/2025_radar_station/install/radar_station_interface/share/radar_station_interface/cmake/radar_station_interface__rosidl_typesupport_cppExport-noconfig.cmake
-- Installing: /home/spaaaaace/Code/mid70/2025_radar_station/install/radar_station_interface/share/radar_station_interface/cmake/export_radar_station_interface__rosidl_generator_pyExport.cmake
-- Installing: /home/spaaaaace/Code/mid70/2025_radar_station/install/radar_station_interface/share/radar_station_interface/cmake/export_radar_station_interface__rosidl_generator_pyExport-noconfig.cmake
-- Installing: /home/spaaaaace/Code/mid70/2025_radar_station/install/radar_station_interface/share/radar_station_interface/cmake/rosidl_cmake-extras.cmake
-- Installing: /home/spaaaaace/Code/mid70/2025_radar_station/install/radar_station_interface/share/radar_station_interface/cmake/ament_cmake_export_include_directories-extras.cmake
-- Installing: /home/spaaaaace/Code/mid70/2025_radar_station/install/radar_station_interface/share/radar_station_interface/cmake/ament_cmake_export_libraries-extras.cmake
-- Installing: /home/spaaaaace/Code/mid70/2025_radar_station/install/radar_station_interface/share/radar_station_interface/cmake/ament_cmake_export_targets-extras.cmake
-- Installing: /home/spaaaaace/Code/mid70/2025_radar_station/install/radar_station_interface/share/radar_station_interface/cmake/rosidl_cmake_export_typesupport_targets-extras.cmake
-- Installing: /home/spaaaaace/Code/mid70/2025_radar_station/install/radar_station_interface/share/radar_station_interface/cmake/ament_cmake_export_dependencies-extras.cmake
-- Installing: /home/spaaaaace/Code/mid70/2025_radar_station/install/radar_station_interface/share/radar_station_interface/cmake/rosidl_cmake_export_typesupport_libraries-extras.cmake
-- Installing: /home/spaaaaace/Code/mid70/2025_radar_station/install/radar_station_interface/share/radar_station_interface/cmake/radar_station_interfaceConfig.cmake
-- Installing: /home/spaaaaace/Code/mid70/2025_radar_station/install/radar_station_interface/share/radar_station_interface/cmake/radar_station_interfaceConfig-version.cmake
-- Installing: /home/spaaaaace/Code/mid70/2025_radar_station/install/radar_station_interface/share/radar_station_interface/package.xml
