[0.021s] Invoking command in '/home/spaaaaace/Code/mid70/2025_radar_station/build/livox_interfaces': CMAKE_PREFIX_PATH=${CMAKE_PREFIX_PATH}:/opt/ros/humble CONDA_PROMPT_MODIFIER=(vision) /usr/local/bin/cmake --build /home/spaaaaace/Code/mid70/2025_radar_station/build/livox_interfaces -- -j22 -l22
[0.045s] [  2%] Built target livox_interfaces__cpp
[0.048s] [ 12%] Built target livox_interfaces__rosidl_generator_c
[0.051s] [ 12%] Built target ament_cmake_python_copy_livox_interfaces
[0.059s] [ 23%] Built target livox_interfaces__rosidl_typesupport_introspection_cpp
[0.059s] [ 33%] Built target livox_interfaces__rosidl_typesupport_cpp
[0.059s] [ 43%] Built target livox_interfaces__rosidl_typesupport_fastrtps_cpp
[0.060s] [ 53%] Built target livox_interfaces__rosidl_typesupport_c
[0.060s] [ 64%] Built target livox_interfaces__rosidl_typesupport_introspection_c
[0.061s] [ 74%] Built target livox_interfaces__rosidl_typesupport_fastrtps_c
[0.066s] [ 74%] Built target livox_interfaces
[0.072s] [ 76%] Built target livox_interfaces__py
[0.082s] [ 84%] Built target livox_interfaces__rosidl_generator_py
[0.090s] [ 89%] Built target livox_interfaces__rosidl_typesupport_c__pyext
[0.092s] [ 94%] Built target livox_interfaces__rosidl_typesupport_introspection_c__pyext
[0.092s] [100%] Built target livox_interfaces__rosidl_typesupport_fastrtps_c__pyext
[0.282s] running egg_info
[0.290s] writing livox_interfaces.egg-info/PKG-INFO
[0.290s] writing dependency_links to livox_interfaces.egg-info/dependency_links.txt
[0.290s] writing top-level names to livox_interfaces.egg-info/top_level.txt
[0.310s] reading manifest file 'livox_interfaces.egg-info/SOURCES.txt'
[0.311s] writing manifest file 'livox_interfaces.egg-info/SOURCES.txt'
[0.326s] [100%] Built target ament_cmake_python_build_livox_interfaces_egg
[0.330s] Invoked command in '/home/spaaaaace/Code/mid70/2025_radar_station/build/livox_interfaces' returned '0': CMAKE_PREFIX_PATH=${CMAKE_PREFIX_PATH}:/opt/ros/humble CONDA_PROMPT_MODIFIER=(vision) /usr/local/bin/cmake --build /home/spaaaaace/Code/mid70/2025_radar_station/build/livox_interfaces -- -j22 -l22
[0.394s] Invoking command in '/home/spaaaaace/Code/mid70/2025_radar_station/build/livox_interfaces': CMAKE_PREFIX_PATH=${CMAKE_PREFIX_PATH}:/opt/ros/humble CONDA_PROMPT_MODIFIER=(vision) /usr/local/bin/cmake --install /home/spaaaaace/Code/mid70/2025_radar_station/build/livox_interfaces
[0.396s] -- Install configuration: ""
[0.396s] -- Installing: /home/spaaaaace/Code/mid70/2025_radar_station/install/livox_interfaces/share/ament_index/resource_index/rosidl_interfaces/livox_interfaces
[0.396s] -- Installing: /home/spaaaaace/Code/mid70/2025_radar_station/install/livox_interfaces/include/livox_interfaces/livox_interfaces
[0.396s] -- Installing: /home/spaaaaace/Code/mid70/2025_radar_station/install/livox_interfaces/include/livox_interfaces/livox_interfaces/msg
[0.396s] -- Installing: /home/spaaaaace/Code/mid70/2025_radar_station/install/livox_interfaces/include/livox_interfaces/livox_interfaces/msg/detail
[0.396s] -- Installing: /home/spaaaaace/Code/mid70/2025_radar_station/install/livox_interfaces/include/livox_interfaces/livox_interfaces/msg/detail/custom_point__type_support.h
[0.397s] -- Installing: /home/spaaaaace/Code/mid70/2025_radar_station/install/livox_interfaces/include/livox_interfaces/livox_interfaces/msg/detail/custom_msg__functions.h
[0.397s] -- Installing: /home/spaaaaace/Code/mid70/2025_radar_station/install/livox_interfaces/include/livox_interfaces/livox_interfaces/msg/detail/custom_msg__struct.h
[0.397s] -- Installing: /home/spaaaaace/Code/mid70/2025_radar_station/install/livox_interfaces/include/livox_interfaces/livox_interfaces/msg/detail/custom_point__struct.h
[0.397s] -- Installing: /home/spaaaaace/Code/mid70/2025_radar_station/install/livox_interfaces/include/livox_interfaces/livox_interfaces/msg/detail/custom_msg__functions.c
[0.397s] -- Installing: /home/spaaaaace/Code/mid70/2025_radar_station/install/livox_interfaces/include/livox_interfaces/livox_interfaces/msg/detail/custom_point__functions.c
[0.397s] -- Installing: /home/spaaaaace/Code/mid70/2025_radar_station/install/livox_interfaces/include/livox_interfaces/livox_interfaces/msg/detail/custom_point__functions.h
[0.397s] -- Installing: /home/spaaaaace/Code/mid70/2025_radar_station/install/livox_interfaces/include/livox_interfaces/livox_interfaces/msg/detail/custom_msg__type_support.h
[0.397s] -- Installing: /home/spaaaaace/Code/mid70/2025_radar_station/install/livox_interfaces/include/livox_interfaces/livox_interfaces/msg/custom_msg.h
[0.397s] -- Installing: /home/spaaaaace/Code/mid70/2025_radar_station/install/livox_interfaces/include/livox_interfaces/livox_interfaces/msg/custom_point.h
[0.397s] -- Installing: /home/spaaaaace/Code/mid70/2025_radar_station/install/livox_interfaces/include/livox_interfaces/livox_interfaces/msg/rosidl_generator_c__visibility_control.h
[0.397s] -- Installing: /home/spaaaaace/Code/mid70/2025_radar_station/install/livox_interfaces/share/livox_interfaces/environment/library_path.sh
[0.397s] -- Installing: /home/spaaaaace/Code/mid70/2025_radar_station/install/livox_interfaces/share/livox_interfaces/environment/library_path.dsv
[0.397s] -- Installing: /home/spaaaaace/Code/mid70/2025_radar_station/install/livox_interfaces/lib/liblivox_interfaces__rosidl_generator_c.so
[0.397s] -- Set runtime path of "/home/spaaaaace/Code/mid70/2025_radar_station/install/livox_interfaces/lib/liblivox_interfaces__rosidl_generator_c.so" to ""
[0.397s] -- Up-to-date: /home/spaaaaace/Code/mid70/2025_radar_station/install/livox_interfaces/include/livox_interfaces/livox_interfaces
[0.397s] -- Up-to-date: /home/spaaaaace/Code/mid70/2025_radar_station/install/livox_interfaces/include/livox_interfaces/livox_interfaces/msg
[0.397s] -- Installing: /home/spaaaaace/Code/mid70/2025_radar_station/install/livox_interfaces/include/livox_interfaces/livox_interfaces/msg/rosidl_typesupport_fastrtps_c__visibility_control.h
[0.397s] -- Up-to-date: /home/spaaaaace/Code/mid70/2025_radar_station/install/livox_interfaces/include/livox_interfaces/livox_interfaces/msg/detail
[0.397s] -- Installing: /home/spaaaaace/Code/mid70/2025_radar_station/install/livox_interfaces/include/livox_interfaces/livox_interfaces/msg/detail/custom_point__rosidl_typesupport_fastrtps_c.h
[0.397s] -- Installing: /home/spaaaaace/Code/mid70/2025_radar_station/install/livox_interfaces/include/livox_interfaces/livox_interfaces/msg/detail/custom_msg__rosidl_typesupport_fastrtps_c.h
[0.397s] -- Installing: /home/spaaaaace/Code/mid70/2025_radar_station/install/livox_interfaces/lib/liblivox_interfaces__rosidl_typesupport_fastrtps_c.so
[0.397s] -- Set runtime path of "/home/spaaaaace/Code/mid70/2025_radar_station/install/livox_interfaces/lib/liblivox_interfaces__rosidl_typesupport_fastrtps_c.so" to ""
[0.398s] -- Up-to-date: /home/spaaaaace/Code/mid70/2025_radar_station/install/livox_interfaces/include/livox_interfaces/livox_interfaces
[0.398s] -- Up-to-date: /home/spaaaaace/Code/mid70/2025_radar_station/install/livox_interfaces/include/livox_interfaces/livox_interfaces/msg
[0.398s] -- Installing: /home/spaaaaace/Code/mid70/2025_radar_station/install/livox_interfaces/include/livox_interfaces/livox_interfaces/msg/custom_msg.hpp
[0.398s] -- Up-to-date: /home/spaaaaace/Code/mid70/2025_radar_station/install/livox_interfaces/include/livox_interfaces/livox_interfaces/msg/detail
[0.398s] -- Installing: /home/spaaaaace/Code/mid70/2025_radar_station/install/livox_interfaces/include/livox_interfaces/livox_interfaces/msg/detail/custom_point__struct.hpp
[0.398s] -- Installing: /home/spaaaaace/Code/mid70/2025_radar_station/install/livox_interfaces/include/livox_interfaces/livox_interfaces/msg/detail/custom_point__traits.hpp
[0.398s] -- Installing: /home/spaaaaace/Code/mid70/2025_radar_station/install/livox_interfaces/include/livox_interfaces/livox_interfaces/msg/detail/custom_msg__traits.hpp
[0.398s] -- Installing: /home/spaaaaace/Code/mid70/2025_radar_station/install/livox_interfaces/include/livox_interfaces/livox_interfaces/msg/detail/custom_point__builder.hpp
[0.398s] -- Installing: /home/spaaaaace/Code/mid70/2025_radar_station/install/livox_interfaces/include/livox_interfaces/livox_interfaces/msg/detail/custom_msg__struct.hpp
[0.399s] -- Installing: /home/spaaaaace/Code/mid70/2025_radar_station/install/livox_interfaces/include/livox_interfaces/livox_interfaces/msg/detail/custom_msg__builder.hpp
[0.399s] -- Installing: /home/spaaaaace/Code/mid70/2025_radar_station/install/livox_interfaces/include/livox_interfaces/livox_interfaces/msg/custom_point.hpp
[0.399s] -- Up-to-date: /home/spaaaaace/Code/mid70/2025_radar_station/install/livox_interfaces/include/livox_interfaces/livox_interfaces
[0.399s] -- Up-to-date: /home/spaaaaace/Code/mid70/2025_radar_station/install/livox_interfaces/include/livox_interfaces/livox_interfaces/msg
[0.399s] -- Up-to-date: /home/spaaaaace/Code/mid70/2025_radar_station/install/livox_interfaces/include/livox_interfaces/livox_interfaces/msg/detail
[0.399s] -- Installing: /home/spaaaaace/Code/mid70/2025_radar_station/install/livox_interfaces/include/livox_interfaces/livox_interfaces/msg/detail/custom_msg__rosidl_typesupport_fastrtps_cpp.hpp
[0.399s] -- Installing: /home/spaaaaace/Code/mid70/2025_radar_station/install/livox_interfaces/include/livox_interfaces/livox_interfaces/msg/detail/custom_point__rosidl_typesupport_fastrtps_cpp.hpp
[0.399s] -- Installing: /home/spaaaaace/Code/mid70/2025_radar_station/install/livox_interfaces/include/livox_interfaces/livox_interfaces/msg/detail/dds_fastrtps
[0.399s] -- Installing: /home/spaaaaace/Code/mid70/2025_radar_station/install/livox_interfaces/include/livox_interfaces/livox_interfaces/msg/rosidl_typesupport_fastrtps_cpp__visibility_control.h
[0.399s] -- Installing: /home/spaaaaace/Code/mid70/2025_radar_station/install/livox_interfaces/lib/liblivox_interfaces__rosidl_typesupport_fastrtps_cpp.so
[0.399s] -- Set runtime path of "/home/spaaaaace/Code/mid70/2025_radar_station/install/livox_interfaces/lib/liblivox_interfaces__rosidl_typesupport_fastrtps_cpp.so" to ""
[0.399s] -- Up-to-date: /home/spaaaaace/Code/mid70/2025_radar_station/install/livox_interfaces/include/livox_interfaces/livox_interfaces
[0.399s] -- Up-to-date: /home/spaaaaace/Code/mid70/2025_radar_station/install/livox_interfaces/include/livox_interfaces/livox_interfaces/msg
[0.399s] -- Up-to-date: /home/spaaaaace/Code/mid70/2025_radar_station/install/livox_interfaces/include/livox_interfaces/livox_interfaces/msg/detail
[0.399s] -- Installing: /home/spaaaaace/Code/mid70/2025_radar_station/install/livox_interfaces/include/livox_interfaces/livox_interfaces/msg/detail/custom_msg__rosidl_typesupport_introspection_c.h
[0.400s] -- Installing: /home/spaaaaace/Code/mid70/2025_radar_station/install/livox_interfaces/include/livox_interfaces/livox_interfaces/msg/detail/custom_point__type_support.c
[0.400s] -- Installing: /home/spaaaaace/Code/mid70/2025_radar_station/install/livox_interfaces/include/livox_interfaces/livox_interfaces/msg/detail/custom_point__rosidl_typesupport_introspection_c.h
[0.400s] -- Installing: /home/spaaaaace/Code/mid70/2025_radar_station/install/livox_interfaces/include/livox_interfaces/livox_interfaces/msg/detail/custom_msg__type_support.c
[0.400s] -- Installing: /home/spaaaaace/Code/mid70/2025_radar_station/install/livox_interfaces/include/livox_interfaces/livox_interfaces/msg/rosidl_typesupport_introspection_c__visibility_control.h
[0.400s] -- Installing: /home/spaaaaace/Code/mid70/2025_radar_station/install/livox_interfaces/lib/liblivox_interfaces__rosidl_typesupport_introspection_c.so
[0.400s] -- Set runtime path of "/home/spaaaaace/Code/mid70/2025_radar_station/install/livox_interfaces/lib/liblivox_interfaces__rosidl_typesupport_introspection_c.so" to ""
[0.400s] -- Installing: /home/spaaaaace/Code/mid70/2025_radar_station/install/livox_interfaces/lib/liblivox_interfaces__rosidl_typesupport_c.so
[0.400s] -- Set runtime path of "/home/spaaaaace/Code/mid70/2025_radar_station/install/livox_interfaces/lib/liblivox_interfaces__rosidl_typesupport_c.so" to ""
[0.400s] -- Up-to-date: /home/spaaaaace/Code/mid70/2025_radar_station/install/livox_interfaces/include/livox_interfaces/livox_interfaces
[0.400s] -- Up-to-date: /home/spaaaaace/Code/mid70/2025_radar_station/install/livox_interfaces/include/livox_interfaces/livox_interfaces/msg
[0.400s] -- Up-to-date: /home/spaaaaace/Code/mid70/2025_radar_station/install/livox_interfaces/include/livox_interfaces/livox_interfaces/msg/detail
[0.400s] -- Installing: /home/spaaaaace/Code/mid70/2025_radar_station/install/livox_interfaces/include/livox_interfaces/livox_interfaces/msg/detail/custom_msg__rosidl_typesupport_introspection_cpp.hpp
[0.400s] -- Installing: /home/spaaaaace/Code/mid70/2025_radar_station/install/livox_interfaces/include/livox_interfaces/livox_interfaces/msg/detail/custom_msg__type_support.cpp
[0.400s] -- Installing: /home/spaaaaace/Code/mid70/2025_radar_station/install/livox_interfaces/include/livox_interfaces/livox_interfaces/msg/detail/custom_point__type_support.cpp
[0.401s] -- Installing: /home/spaaaaace/Code/mid70/2025_radar_station/install/livox_interfaces/include/livox_interfaces/livox_interfaces/msg/detail/custom_point__rosidl_typesupport_introspection_cpp.hpp
[0.401s] -- Installing: /home/spaaaaace/Code/mid70/2025_radar_station/install/livox_interfaces/lib/liblivox_interfaces__rosidl_typesupport_introspection_cpp.so
[0.401s] -- Set runtime path of "/home/spaaaaace/Code/mid70/2025_radar_station/install/livox_interfaces/lib/liblivox_interfaces__rosidl_typesupport_introspection_cpp.so" to ""
[0.401s] -- Installing: /home/spaaaaace/Code/mid70/2025_radar_station/install/livox_interfaces/lib/liblivox_interfaces__rosidl_typesupport_cpp.so
[0.401s] -- Set runtime path of "/home/spaaaaace/Code/mid70/2025_radar_station/install/livox_interfaces/lib/liblivox_interfaces__rosidl_typesupport_cpp.so" to ""
[0.401s] -- Installing: /home/spaaaaace/Code/mid70/2025_radar_station/install/livox_interfaces/share/livox_interfaces/environment/pythonpath.sh
[0.401s] -- Installing: /home/spaaaaace/Code/mid70/2025_radar_station/install/livox_interfaces/share/livox_interfaces/environment/pythonpath.dsv
[0.401s] -- Installing: /home/spaaaaace/Code/mid70/2025_radar_station/install/livox_interfaces/lib/python3.8/site-packages/livox_interfaces-0.0.1-py3.8.egg-info
[0.401s] -- Installing: /home/spaaaaace/Code/mid70/2025_radar_station/install/livox_interfaces/lib/python3.8/site-packages/livox_interfaces-0.0.1-py3.8.egg-info/dependency_links.txt
[0.401s] -- Installing: /home/spaaaaace/Code/mid70/2025_radar_station/install/livox_interfaces/lib/python3.8/site-packages/livox_interfaces-0.0.1-py3.8.egg-info/SOURCES.txt
[0.401s] -- Installing: /home/spaaaaace/Code/mid70/2025_radar_station/install/livox_interfaces/lib/python3.8/site-packages/livox_interfaces-0.0.1-py3.8.egg-info/PKG-INFO
[0.401s] -- Installing: /home/spaaaaace/Code/mid70/2025_radar_station/install/livox_interfaces/lib/python3.8/site-packages/livox_interfaces-0.0.1-py3.8.egg-info/top_level.txt
[0.401s] -- Installing: /home/spaaaaace/Code/mid70/2025_radar_station/install/livox_interfaces/lib/python3.8/site-packages/livox_interfaces
[0.401s] -- Installing: /home/spaaaaace/Code/mid70/2025_radar_station/install/livox_interfaces/lib/python3.8/site-packages/livox_interfaces/livox_interfaces_s__rosidl_typesupport_introspection_c.cpython-38-x86_64-linux-gnu.so
[0.402s] -- Installing: /home/spaaaaace/Code/mid70/2025_radar_station/install/livox_interfaces/lib/python3.8/site-packages/livox_interfaces/msg
[0.402s] -- Installing: /home/spaaaaace/Code/mid70/2025_radar_station/install/livox_interfaces/lib/python3.8/site-packages/livox_interfaces/msg/_custom_point.py
[0.402s] -- Installing: /home/spaaaaace/Code/mid70/2025_radar_station/install/livox_interfaces/lib/python3.8/site-packages/livox_interfaces/msg/_custom_msg_s.c
[0.402s] -- Installing: /home/spaaaaace/Code/mid70/2025_radar_station/install/livox_interfaces/lib/python3.8/site-packages/livox_interfaces/msg/_custom_msg.py
[0.402s] -- Installing: /home/spaaaaace/Code/mid70/2025_radar_station/install/livox_interfaces/lib/python3.8/site-packages/livox_interfaces/msg/_custom_point_s.c
[0.402s] -- Installing: /home/spaaaaace/Code/mid70/2025_radar_station/install/livox_interfaces/lib/python3.8/site-packages/livox_interfaces/msg/__init__.py
[0.402s] -- Installing: /home/spaaaaace/Code/mid70/2025_radar_station/install/livox_interfaces/lib/python3.8/site-packages/livox_interfaces/_livox_interfaces_s.ep.rosidl_typesupport_fastrtps_c.c
[0.402s] -- Installing: /home/spaaaaace/Code/mid70/2025_radar_station/install/livox_interfaces/lib/python3.8/site-packages/livox_interfaces/livox_interfaces_s__rosidl_typesupport_c.cpython-38-x86_64-linux-gnu.so
[0.402s] -- Installing: /home/spaaaaace/Code/mid70/2025_radar_station/install/livox_interfaces/lib/python3.8/site-packages/livox_interfaces/liblivox_interfaces__rosidl_generator_py.so
[0.402s] -- Installing: /home/spaaaaace/Code/mid70/2025_radar_station/install/livox_interfaces/lib/python3.8/site-packages/livox_interfaces/livox_interfaces_s__rosidl_typesupport_fastrtps_c.cpython-38-x86_64-linux-gnu.so
[0.402s] -- Installing: /home/spaaaaace/Code/mid70/2025_radar_station/install/livox_interfaces/lib/python3.8/site-packages/livox_interfaces/_livox_interfaces_s.ep.rosidl_typesupport_c.c
[0.402s] -- Installing: /home/spaaaaace/Code/mid70/2025_radar_station/install/livox_interfaces/lib/python3.8/site-packages/livox_interfaces/_livox_interfaces_s.ep.rosidl_typesupport_introspection_c.c
[0.402s] -- Installing: /home/spaaaaace/Code/mid70/2025_radar_station/install/livox_interfaces/lib/python3.8/site-packages/livox_interfaces/__init__.py
[0.424s] Listing '/home/spaaaaace/Code/mid70/2025_radar_station/install/livox_interfaces/lib/python3.8/site-packages/livox_interfaces'...
[0.424s] Compiling '/home/spaaaaace/Code/mid70/2025_radar_station/install/livox_interfaces/lib/python3.8/site-packages/livox_interfaces/__init__.py'...
[0.424s] Listing '/home/spaaaaace/Code/mid70/2025_radar_station/install/livox_interfaces/lib/python3.8/site-packages/livox_interfaces/msg'...
[0.424s] Compiling '/home/spaaaaace/Code/mid70/2025_radar_station/install/livox_interfaces/lib/python3.8/site-packages/livox_interfaces/msg/__init__.py'...
[0.424s] Compiling '/home/spaaaaace/Code/mid70/2025_radar_station/install/livox_interfaces/lib/python3.8/site-packages/livox_interfaces/msg/_custom_msg.py'...
[0.425s] Compiling '/home/spaaaaace/Code/mid70/2025_radar_station/install/livox_interfaces/lib/python3.8/site-packages/livox_interfaces/msg/_custom_point.py'...
[0.427s] -- Installing: /home/spaaaaace/Code/mid70/2025_radar_station/install/livox_interfaces/lib/python3.8/site-packages/livox_interfaces/livox_interfaces_s__rosidl_typesupport_fastrtps_c.cpython-38-x86_64-linux-gnu.so
[0.427s] -- Set runtime path of "/home/spaaaaace/Code/mid70/2025_radar_station/install/livox_interfaces/lib/python3.8/site-packages/livox_interfaces/livox_interfaces_s__rosidl_typesupport_fastrtps_c.cpython-38-x86_64-linux-gnu.so" to ""
[0.427s] -- Installing: /home/spaaaaace/Code/mid70/2025_radar_station/install/livox_interfaces/lib/python3.8/site-packages/livox_interfaces/livox_interfaces_s__rosidl_typesupport_introspection_c.cpython-38-x86_64-linux-gnu.so
[0.427s] -- Set runtime path of "/home/spaaaaace/Code/mid70/2025_radar_station/install/livox_interfaces/lib/python3.8/site-packages/livox_interfaces/livox_interfaces_s__rosidl_typesupport_introspection_c.cpython-38-x86_64-linux-gnu.so" to ""
[0.427s] -- Installing: /home/spaaaaace/Code/mid70/2025_radar_station/install/livox_interfaces/lib/python3.8/site-packages/livox_interfaces/livox_interfaces_s__rosidl_typesupport_c.cpython-38-x86_64-linux-gnu.so
[0.428s] -- Set runtime path of "/home/spaaaaace/Code/mid70/2025_radar_station/install/livox_interfaces/lib/python3.8/site-packages/livox_interfaces/livox_interfaces_s__rosidl_typesupport_c.cpython-38-x86_64-linux-gnu.so" to ""
[0.428s] -- Installing: /home/spaaaaace/Code/mid70/2025_radar_station/install/livox_interfaces/lib/liblivox_interfaces__rosidl_generator_py.so
[0.428s] -- Set runtime path of "/home/spaaaaace/Code/mid70/2025_radar_station/install/livox_interfaces/lib/liblivox_interfaces__rosidl_generator_py.so" to ""
[0.428s] -- Installing: /home/spaaaaace/Code/mid70/2025_radar_station/install/livox_interfaces/share/livox_interfaces/msg/CustomPoint.idl
[0.428s] -- Installing: /home/spaaaaace/Code/mid70/2025_radar_station/install/livox_interfaces/share/livox_interfaces/msg/CustomMsg.idl
[0.428s] -- Installing: /home/spaaaaace/Code/mid70/2025_radar_station/install/livox_interfaces/share/livox_interfaces/msg/CustomPoint.msg
[0.428s] -- Installing: /home/spaaaaace/Code/mid70/2025_radar_station/install/livox_interfaces/share/livox_interfaces/msg/CustomMsg.msg
[0.429s] -- Installing: /home/spaaaaace/Code/mid70/2025_radar_station/install/livox_interfaces/share/ament_index/resource_index/package_run_dependencies/livox_interfaces
[0.429s] -- Installing: /home/spaaaaace/Code/mid70/2025_radar_station/install/livox_interfaces/share/ament_index/resource_index/parent_prefix_path/livox_interfaces
[0.429s] -- Installing: /home/spaaaaace/Code/mid70/2025_radar_station/install/livox_interfaces/share/livox_interfaces/environment/ament_prefix_path.sh
[0.429s] -- Installing: /home/spaaaaace/Code/mid70/2025_radar_station/install/livox_interfaces/share/livox_interfaces/environment/ament_prefix_path.dsv
[0.429s] -- Installing: /home/spaaaaace/Code/mid70/2025_radar_station/install/livox_interfaces/share/livox_interfaces/environment/path.sh
[0.429s] -- Installing: /home/spaaaaace/Code/mid70/2025_radar_station/install/livox_interfaces/share/livox_interfaces/environment/path.dsv
[0.429s] -- Installing: /home/spaaaaace/Code/mid70/2025_radar_station/install/livox_interfaces/share/livox_interfaces/local_setup.bash
[0.429s] -- Installing: /home/spaaaaace/Code/mid70/2025_radar_station/install/livox_interfaces/share/livox_interfaces/local_setup.sh
[0.429s] -- Installing: /home/spaaaaace/Code/mid70/2025_radar_station/install/livox_interfaces/share/livox_interfaces/local_setup.zsh
[0.429s] -- Installing: /home/spaaaaace/Code/mid70/2025_radar_station/install/livox_interfaces/share/livox_interfaces/local_setup.dsv
[0.429s] -- Installing: /home/spaaaaace/Code/mid70/2025_radar_station/install/livox_interfaces/share/livox_interfaces/package.dsv
[0.429s] -- Installing: /home/spaaaaace/Code/mid70/2025_radar_station/install/livox_interfaces/share/ament_index/resource_index/packages/livox_interfaces
[0.430s] -- Installing: /home/spaaaaace/Code/mid70/2025_radar_station/install/livox_interfaces/share/livox_interfaces/cmake/export_livox_interfaces__rosidl_generator_cExport.cmake
[0.430s] -- Installing: /home/spaaaaace/Code/mid70/2025_radar_station/install/livox_interfaces/share/livox_interfaces/cmake/export_livox_interfaces__rosidl_generator_cExport-noconfig.cmake
[0.430s] -- Installing: /home/spaaaaace/Code/mid70/2025_radar_station/install/livox_interfaces/share/livox_interfaces/cmake/export_livox_interfaces__rosidl_typesupport_fastrtps_cExport.cmake
[0.430s] -- Installing: /home/spaaaaace/Code/mid70/2025_radar_station/install/livox_interfaces/share/livox_interfaces/cmake/export_livox_interfaces__rosidl_typesupport_fastrtps_cExport-noconfig.cmake
[0.430s] -- Installing: /home/spaaaaace/Code/mid70/2025_radar_station/install/livox_interfaces/share/livox_interfaces/cmake/export_livox_interfaces__rosidl_generator_cppExport.cmake
[0.430s] -- Installing: /home/spaaaaace/Code/mid70/2025_radar_station/install/livox_interfaces/share/livox_interfaces/cmake/export_livox_interfaces__rosidl_typesupport_fastrtps_cppExport.cmake
[0.430s] -- Installing: /home/spaaaaace/Code/mid70/2025_radar_station/install/livox_interfaces/share/livox_interfaces/cmake/export_livox_interfaces__rosidl_typesupport_fastrtps_cppExport-noconfig.cmake
[0.431s] -- Installing: /home/spaaaaace/Code/mid70/2025_radar_station/install/livox_interfaces/share/livox_interfaces/cmake/livox_interfaces__rosidl_typesupport_introspection_cExport.cmake
[0.431s] -- Installing: /home/spaaaaace/Code/mid70/2025_radar_station/install/livox_interfaces/share/livox_interfaces/cmake/livox_interfaces__rosidl_typesupport_introspection_cExport-noconfig.cmake
[0.431s] -- Installing: /home/spaaaaace/Code/mid70/2025_radar_station/install/livox_interfaces/share/livox_interfaces/cmake/livox_interfaces__rosidl_typesupport_cExport.cmake
[0.431s] -- Installing: /home/spaaaaace/Code/mid70/2025_radar_station/install/livox_interfaces/share/livox_interfaces/cmake/livox_interfaces__rosidl_typesupport_cExport-noconfig.cmake
[0.431s] -- Installing: /home/spaaaaace/Code/mid70/2025_radar_station/install/livox_interfaces/share/livox_interfaces/cmake/livox_interfaces__rosidl_typesupport_introspection_cppExport.cmake
[0.431s] -- Installing: /home/spaaaaace/Code/mid70/2025_radar_station/install/livox_interfaces/share/livox_interfaces/cmake/livox_interfaces__rosidl_typesupport_introspection_cppExport-noconfig.cmake
[0.431s] -- Installing: /home/spaaaaace/Code/mid70/2025_radar_station/install/livox_interfaces/share/livox_interfaces/cmake/livox_interfaces__rosidl_typesupport_cppExport.cmake
[0.431s] -- Installing: /home/spaaaaace/Code/mid70/2025_radar_station/install/livox_interfaces/share/livox_interfaces/cmake/livox_interfaces__rosidl_typesupport_cppExport-noconfig.cmake
[0.431s] -- Installing: /home/spaaaaace/Code/mid70/2025_radar_station/install/livox_interfaces/share/livox_interfaces/cmake/export_livox_interfaces__rosidl_generator_pyExport.cmake
[0.431s] -- Installing: /home/spaaaaace/Code/mid70/2025_radar_station/install/livox_interfaces/share/livox_interfaces/cmake/export_livox_interfaces__rosidl_generator_pyExport-noconfig.cmake
[0.432s] -- Installing: /home/spaaaaace/Code/mid70/2025_radar_station/install/livox_interfaces/share/livox_interfaces/cmake/rosidl_cmake-extras.cmake
[0.432s] -- Installing: /home/spaaaaace/Code/mid70/2025_radar_station/install/livox_interfaces/share/livox_interfaces/cmake/ament_cmake_export_dependencies-extras.cmake
[0.432s] -- Installing: /home/spaaaaace/Code/mid70/2025_radar_station/install/livox_interfaces/share/livox_interfaces/cmake/ament_cmake_export_include_directories-extras.cmake
[0.432s] -- Installing: /home/spaaaaace/Code/mid70/2025_radar_station/install/livox_interfaces/share/livox_interfaces/cmake/ament_cmake_export_libraries-extras.cmake
[0.432s] -- Installing: /home/spaaaaace/Code/mid70/2025_radar_station/install/livox_interfaces/share/livox_interfaces/cmake/ament_cmake_export_targets-extras.cmake
[0.432s] -- Installing: /home/spaaaaace/Code/mid70/2025_radar_station/install/livox_interfaces/share/livox_interfaces/cmake/rosidl_cmake_export_typesupport_targets-extras.cmake
[0.432s] -- Installing: /home/spaaaaace/Code/mid70/2025_radar_station/install/livox_interfaces/share/livox_interfaces/cmake/rosidl_cmake_export_typesupport_libraries-extras.cmake
[0.432s] -- Installing: /home/spaaaaace/Code/mid70/2025_radar_station/install/livox_interfaces/share/livox_interfaces/cmake/livox_interfacesConfig.cmake
[0.432s] -- Installing: /home/spaaaaace/Code/mid70/2025_radar_station/install/livox_interfaces/share/livox_interfaces/cmake/livox_interfacesConfig-version.cmake
[0.432s] -- Installing: /home/spaaaaace/Code/mid70/2025_radar_station/install/livox_interfaces/share/livox_interfaces/package.xml
[0.437s] Invoked command in '/home/spaaaaace/Code/mid70/2025_radar_station/build/livox_interfaces' returned '0': CMAKE_PREFIX_PATH=${CMAKE_PREFIX_PATH}:/opt/ros/humble CONDA_PROMPT_MODIFIER=(vision) /usr/local/bin/cmake --install /home/spaaaaace/Code/mid70/2025_radar_station/build/livox_interfaces
