[ 50%] Built target mindvision_camera_node
[100%] Built target mindvision_camera
-- Install configuration: ""
-- Installing: /home/spaaaaace/Code/mid70/2025_radar_station/install/mindvision_camera/lib/mindvision_camera/mindvision_camera_node
-- Set runtime path of "/home/spaaaaace/Code/mid70/2025_radar_station/install/mindvision_camera/lib/mindvision_camera/mindvision_camera_node" to ""
-- Installing: /home/spaaaaace/Code/mid70/2025_radar_station/install/mindvision_camera/share/mindvision_camera/environment/library_path.sh
-- Installing: /home/spaaaaace/Code/mid70/2025_radar_station/install/mindvision_camera/share/mindvision_camera/environment/library_path.dsv
-- Installing: /home/spaaaaace/Code/mid70/2025_radar_station/install/mindvision_camera/lib/libmindvision_camera.so
-- Set runtime path of "/home/spaaaaace/Code/mid70/2025_radar_station/install/mindvision_camera/lib/libmindvision_camera.so" to ""
-- Installing: /home/spaaaaace/Code/mid70/2025_radar_station/install/mindvision_camera/share/mindvision_camera/config
-- Installing: /home/spaaaaace/Code/mid70/2025_radar_station/install/mindvision_camera/share/mindvision_camera/config/camera_params.yaml
-- Installing: /home/spaaaaace/Code/mid70/2025_radar_station/install/mindvision_camera/share/mindvision_camera/config/camera_info.yaml
-- Installing: /home/spaaaaace/Code/mid70/2025_radar_station/install/mindvision_camera/share/mindvision_camera/launch
-- Installing: /home/spaaaaace/Code/mid70/2025_radar_station/install/mindvision_camera/share/mindvision_camera/launch/mv_launch.py
-- Installing: /home/spaaaaace/Code/mid70/2025_radar_station/install/mindvision_camera/share/ament_index/resource_index/package_run_dependencies/mindvision_camera
-- Installing: /home/spaaaaace/Code/mid70/2025_radar_station/install/mindvision_camera/share/ament_index/resource_index/parent_prefix_path/mindvision_camera
-- Installing: /home/spaaaaace/Code/mid70/2025_radar_station/install/mindvision_camera/share/mindvision_camera/environment/ament_prefix_path.sh
-- Installing: /home/spaaaaace/Code/mid70/2025_radar_station/install/mindvision_camera/share/mindvision_camera/environment/ament_prefix_path.dsv
-- Installing: /home/spaaaaace/Code/mid70/2025_radar_station/install/mindvision_camera/share/mindvision_camera/environment/path.sh
-- Installing: /home/spaaaaace/Code/mid70/2025_radar_station/install/mindvision_camera/share/mindvision_camera/environment/path.dsv
-- Installing: /home/spaaaaace/Code/mid70/2025_radar_station/install/mindvision_camera/share/mindvision_camera/local_setup.bash
-- Installing: /home/spaaaaace/Code/mid70/2025_radar_station/install/mindvision_camera/share/mindvision_camera/local_setup.sh
-- Installing: /home/spaaaaace/Code/mid70/2025_radar_station/install/mindvision_camera/share/mindvision_camera/local_setup.zsh
-- Installing: /home/spaaaaace/Code/mid70/2025_radar_station/install/mindvision_camera/share/mindvision_camera/local_setup.dsv
-- Installing: /home/spaaaaace/Code/mid70/2025_radar_station/install/mindvision_camera/share/mindvision_camera/package.dsv
-- Installing: /home/spaaaaace/Code/mid70/2025_radar_station/install/mindvision_camera/share/ament_index/resource_index/packages/mindvision_camera
-- Installing: /home/spaaaaace/Code/mid70/2025_radar_station/install/mindvision_camera/share/ament_index/resource_index/rclcpp_components/mindvision_camera
-- Installing: /home/spaaaaace/Code/mid70/2025_radar_station/install/mindvision_camera/share/mindvision_camera/cmake/ament_cmake_export_dependencies-extras.cmake
-- Installing: /home/spaaaaace/Code/mid70/2025_radar_station/install/mindvision_camera/share/mindvision_camera/cmake/ament_cmake_export_libraries-extras.cmake
-- Installing: /home/spaaaaace/Code/mid70/2025_radar_station/install/mindvision_camera/share/mindvision_camera/cmake/mindvision_cameraConfig.cmake
-- Installing: /home/spaaaaace/Code/mid70/2025_radar_station/install/mindvision_camera/share/mindvision_camera/cmake/mindvision_cameraConfig-version.cmake
-- Installing: /home/spaaaaace/Code/mid70/2025_radar_station/install/mindvision_camera/share/mindvision_camera/package.xml
