[0.030s] Invoking command in '/home/spaaaaace/Code/mid70/2025_radar_station/build/radar_world_calib': CMAKE_PREFIX_PATH=${CMAKE_PREFIX_PATH}:/opt/ros/humble CONDA_PROMPT_MODIFIER=(vision) /usr/local/bin/cmake --build /home/spaaaaace/Code/mid70/2025_radar_station/build/radar_world_calib -- -j22 -l22
[0.055s] [100%] Built target radar_world_calib
[0.078s] Invoked command in '/home/spaaaaace/Code/mid70/2025_radar_station/build/radar_world_calib' returned '0': CMAKE_PREFIX_PATH=${CMAKE_PREFIX_PATH}:/opt/ros/humble CONDA_PROMPT_MODIFIER=(vision) /usr/local/bin/cmake --build /home/spaaaaace/Code/mid70/2025_radar_station/build/radar_world_calib -- -j22 -l22
[0.098s] Invoking command in '/home/spaaaaace/Code/mid70/2025_radar_station/build/radar_world_calib': CMAKE_PREFIX_PATH=${CMAKE_PREFIX_PATH}:/opt/ros/humble CONDA_PROMPT_MODIFIER=(vision) /usr/local/bin/cmake --install /home/spaaaaace/Code/mid70/2025_radar_station/build/radar_world_calib
[0.098s] -- Install configuration: ""
[0.098s] -- Installing: /home/spaaaaace/Code/mid70/2025_radar_station/install/radar_world_calib/lib/radar_world_calib/radar_world_calib
[0.117s] -- Set runtime path of "/home/spaaaaace/Code/mid70/2025_radar_station/install/radar_world_calib/lib/radar_world_calib/radar_world_calib" to ""
[0.117s] -- Installing: /home/spaaaaace/Code/mid70/2025_radar_station/install/radar_world_calib/share/ament_index/resource_index/package_run_dependencies/radar_world_calib
[0.117s] -- Installing: /home/spaaaaace/Code/mid70/2025_radar_station/install/radar_world_calib/share/ament_index/resource_index/parent_prefix_path/radar_world_calib
[0.117s] -- Installing: /home/spaaaaace/Code/mid70/2025_radar_station/install/radar_world_calib/share/radar_world_calib/environment/ament_prefix_path.sh
[0.117s] -- Installing: /home/spaaaaace/Code/mid70/2025_radar_station/install/radar_world_calib/share/radar_world_calib/environment/ament_prefix_path.dsv
[0.117s] -- Installing: /home/spaaaaace/Code/mid70/2025_radar_station/install/radar_world_calib/share/radar_world_calib/environment/path.sh
[0.117s] -- Installing: /home/spaaaaace/Code/mid70/2025_radar_station/install/radar_world_calib/share/radar_world_calib/environment/path.dsv
[0.117s] -- Installing: /home/spaaaaace/Code/mid70/2025_radar_station/install/radar_world_calib/share/radar_world_calib/local_setup.bash
[0.117s] -- Installing: /home/spaaaaace/Code/mid70/2025_radar_station/install/radar_world_calib/share/radar_world_calib/local_setup.sh
[0.117s] -- Installing: /home/spaaaaace/Code/mid70/2025_radar_station/install/radar_world_calib/share/radar_world_calib/local_setup.zsh
[0.117s] -- Installing: /home/spaaaaace/Code/mid70/2025_radar_station/install/radar_world_calib/share/radar_world_calib/local_setup.dsv
[0.117s] -- Installing: /home/spaaaaace/Code/mid70/2025_radar_station/install/radar_world_calib/share/radar_world_calib/package.dsv
[0.117s] -- Installing: /home/spaaaaace/Code/mid70/2025_radar_station/install/radar_world_calib/share/ament_index/resource_index/packages/radar_world_calib
[0.117s] -- Installing: /home/spaaaaace/Code/mid70/2025_radar_station/install/radar_world_calib/share/radar_world_calib/cmake/radar_world_calibConfig.cmake
[0.117s] -- Installing: /home/spaaaaace/Code/mid70/2025_radar_station/install/radar_world_calib/share/radar_world_calib/cmake/radar_world_calibConfig-version.cmake
[0.117s] -- Installing: /home/spaaaaace/Code/mid70/2025_radar_station/install/radar_world_calib/share/radar_world_calib/package.xml
[0.119s] Invoked command in '/home/spaaaaace/Code/mid70/2025_radar_station/build/radar_world_calib' returned '0': CMAKE_PREFIX_PATH=${CMAKE_PREFIX_PATH}:/opt/ros/humble CONDA_PROMPT_MODIFIER=(vision) /usr/local/bin/cmake --install /home/spaaaaace/Code/mid70/2025_radar_station/build/radar_world_calib
